Archive member included to satisfy reference by file (symbol)

c:/program files (x86)/atmel/studio/7.0/toolchain/arm/arm-gnu-toolchain/bin/../lib/gcc/arm-none-eabi/6.3.1/../../../../arm-none-eabi/lib/thumb/v7e-m\libc.a(lib_a-exit.o)
                              c:/program files (x86)/atmel/studio/7.0/toolchain/arm/arm-gnu-toolchain/bin/../lib/gcc/arm-none-eabi/6.3.1/../../../../arm-none-eabi/lib/thumb/v7e-m/crt0.o (exit)
c:/program files (x86)/atmel/studio/7.0/toolchain/arm/arm-gnu-toolchain/bin/../lib/gcc/arm-none-eabi/6.3.1/../../../../arm-none-eabi/lib/thumb/v7e-m\libc.a(lib_a-impure.o)
                              c:/program files (x86)/atmel/studio/7.0/toolchain/arm/arm-gnu-toolchain/bin/../lib/gcc/arm-none-eabi/6.3.1/../../../../arm-none-eabi/lib/thumb/v7e-m\libc.a(lib_a-exit.o) (_global_impure_ptr)
c:/program files (x86)/atmel/studio/7.0/toolchain/arm/arm-gnu-toolchain/bin/../lib/gcc/arm-none-eabi/6.3.1/../../../../arm-none-eabi/lib/thumb/v7e-m\libc.a(lib_a-init.o)
                              c:/program files (x86)/atmel/studio/7.0/toolchain/arm/arm-gnu-toolchain/bin/../lib/gcc/arm-none-eabi/6.3.1/../../../../arm-none-eabi/lib/thumb/v7e-m/crt0.o (__libc_init_array)
c:/program files (x86)/atmel/studio/7.0/toolchain/arm/arm-gnu-toolchain/bin/../lib/gcc/arm-none-eabi/6.3.1/../../../../arm-none-eabi/lib/thumb/v7e-m\libc.a(lib_a-memset.o)
                              c:/program files (x86)/atmel/studio/7.0/toolchain/arm/arm-gnu-toolchain/bin/../lib/gcc/arm-none-eabi/6.3.1/../../../../arm-none-eabi/lib/thumb/v7e-m/crt0.o (memset)
c:/program files (x86)/atmel/studio/7.0/toolchain/arm/arm-gnu-toolchain/bin/../lib/gcc/arm-none-eabi/6.3.1/../../../../arm-none-eabi/lib/thumb/v7e-m\libc.a(lib_a-sprintf.o)
                              src/main.o (sprintf)
c:/program files (x86)/atmel/studio/7.0/toolchain/arm/arm-gnu-toolchain/bin/../lib/gcc/arm-none-eabi/6.3.1/../../../../arm-none-eabi/lib/thumb/v7e-m\libc.a(lib_a-svfprintf.o)
                              c:/program files (x86)/atmel/studio/7.0/toolchain/arm/arm-gnu-toolchain/bin/../lib/gcc/arm-none-eabi/6.3.1/../../../../arm-none-eabi/lib/thumb/v7e-m\libc.a(lib_a-sprintf.o) (_svfprintf_r)
c:/program files (x86)/atmel/studio/7.0/toolchain/arm/arm-gnu-toolchain/bin/../lib/gcc/arm-none-eabi/6.3.1/../../../../arm-none-eabi/lib/thumb/v7e-m\libc.a(lib_a-__call_atexit.o)
                              c:/program files (x86)/atmel/studio/7.0/toolchain/arm/arm-gnu-toolchain/bin/../lib/gcc/arm-none-eabi/6.3.1/../../../../arm-none-eabi/lib/thumb/v7e-m\libc.a(lib_a-exit.o) (__call_exitprocs)
c:/program files (x86)/atmel/studio/7.0/toolchain/arm/arm-gnu-toolchain/bin/../lib/gcc/arm-none-eabi/6.3.1/../../../../arm-none-eabi/lib/thumb/v7e-m\libc.a(lib_a-atexit.o)
                              c:/program files (x86)/atmel/studio/7.0/toolchain/arm/arm-gnu-toolchain/bin/../lib/gcc/arm-none-eabi/6.3.1/../../../../arm-none-eabi/lib/thumb/v7e-m\libc.a(lib_a-__call_atexit.o) (atexit)
c:/program files (x86)/atmel/studio/7.0/toolchain/arm/arm-gnu-toolchain/bin/../lib/gcc/arm-none-eabi/6.3.1/../../../../arm-none-eabi/lib/thumb/v7e-m\libc.a(lib_a-dtoa.o)
                              c:/program files (x86)/atmel/studio/7.0/toolchain/arm/arm-gnu-toolchain/bin/../lib/gcc/arm-none-eabi/6.3.1/../../../../arm-none-eabi/lib/thumb/v7e-m\libc.a(lib_a-svfprintf.o) (_dtoa_r)
c:/program files (x86)/atmel/studio/7.0/toolchain/arm/arm-gnu-toolchain/bin/../lib/gcc/arm-none-eabi/6.3.1/../../../../arm-none-eabi/lib/thumb/v7e-m\libc.a(lib_a-fini.o)
                              c:/program files (x86)/atmel/studio/7.0/toolchain/arm/arm-gnu-toolchain/bin/../lib/gcc/arm-none-eabi/6.3.1/../../../../arm-none-eabi/lib/thumb/v7e-m\libc.a(lib_a-__call_atexit.o) (__libc_fini_array)
c:/program files (x86)/atmel/studio/7.0/toolchain/arm/arm-gnu-toolchain/bin/../lib/gcc/arm-none-eabi/6.3.1/../../../../arm-none-eabi/lib/thumb/v7e-m\libc.a(lib_a-localeconv.o)
                              c:/program files (x86)/atmel/studio/7.0/toolchain/arm/arm-gnu-toolchain/bin/../lib/gcc/arm-none-eabi/6.3.1/../../../../arm-none-eabi/lib/thumb/v7e-m\libc.a(lib_a-svfprintf.o) (_localeconv_r)
c:/program files (x86)/atmel/studio/7.0/toolchain/arm/arm-gnu-toolchain/bin/../lib/gcc/arm-none-eabi/6.3.1/../../../../arm-none-eabi/lib/thumb/v7e-m\libc.a(lib_a-lock.o)
                              c:/program files (x86)/atmel/studio/7.0/toolchain/arm/arm-gnu-toolchain/bin/../lib/gcc/arm-none-eabi/6.3.1/../../../../arm-none-eabi/lib/thumb/v7e-m\libc.a(lib_a-__call_atexit.o) (__retarget_lock_acquire_recursive)
c:/program files (x86)/atmel/studio/7.0/toolchain/arm/arm-gnu-toolchain/bin/../lib/gcc/arm-none-eabi/6.3.1/../../../../arm-none-eabi/lib/thumb/v7e-m\libc.a(lib_a-mallocr.o)
                              c:/program files (x86)/atmel/studio/7.0/toolchain/arm/arm-gnu-toolchain/bin/../lib/gcc/arm-none-eabi/6.3.1/../../../../arm-none-eabi/lib/thumb/v7e-m\libc.a(lib_a-svfprintf.o) (_malloc_r)
[...]
Memory Configuration

Name             Origin             Length             Attributes
rom              0x00400000         0x00200000         xr
ram              0x20400000         0x00060000         xrw
*default*        0x00000000         0xffffffff

Linker script and memory map

LOAD c:/program files (x86)/atmel/studio/7.0/toolchain/arm/arm-gnu-toolchain/bin/../lib/gcc/arm-none-eabi/6.3.1/thumb/v7e-m/crti.o
LOAD c:/program files (x86)/atmel/studio/7.0/toolchain/arm/arm-gnu-toolchain/bin/../lib/gcc/arm-none-eabi/6.3.1/thumb/v7e-m/crtbegin.o
LOAD c:/program files (x86)/atmel/studio/7.0/toolchain/arm/arm-gnu-toolchain/bin/../lib/gcc/arm-none-eabi/6.3.1/../../../../arm-none-eabi/lib/thumb/v7e-m/crt0.o
LOAD src/ASF/sam/drivers/rtc/rtc.o
LOAD src/ASF/sam/drivers/rtt/rtt.o
LOAD src/main.o
LOAD src/ASF/common/services/delay/sam/cycle_counter.o
LOAD src/ASF/common/services/spi/sam_spi/spi_master.o
LOAD src/ASF/sam/components/display/ili9488/ili9488.o
LOAD src/ASF/sam/drivers/spi/spi.o
LOAD src/ASF/common/services/clock/same70/sysclk.o
LOAD src/ASF/common/utils/interrupt/interrupt_sam_nvic.o
LOAD src/ASF/sam/boards/same70_xplained/init.o
LOAD src/ASF/sam/drivers/mpu/mpu.o
LOAD src/ASF/sam/drivers/pio/pio.o
LOAD src/ASF/sam/drivers/pio/pio_handler.o
LOAD src/ASF/sam/drivers/pmc/pmc.o
LOAD src/ASF/sam/drivers/pmc/sleep.o
LOAD src/ASF/sam/utils/cmsis/same70/source/templates/gcc/startup_same70.o
LOAD src/ASF/sam/utils/cmsis/same70/source/templates/system_same70.o
LOAD src/ASF/sam/utils/syscalls/gcc/syscalls.o
START GROUP
LOAD ../src/ASF/thirdparty/CMSIS/Lib/GCC\libarm_cortexM7lfsp_math_softfp.a
LOAD c:/program files (x86)/atmel/studio/7.0/toolchain/arm/arm-gnu-toolchain/bin/../lib/gcc/arm-none-eabi/6.3.1/../../../../arm-none-eabi/lib/thumb/v7e-m\libm.a
END GROUP
START GROUP
LOAD c:/program files (x86)/atmel/studio/7.0/toolchain/arm/arm-gnu-toolchain/bin/../lib/gcc/arm-none-eabi/6.3.1/thumb/v7e-m\libgcc.a
LOAD c:/program files (x86)/atmel/studio/7.0/toolchain/arm/arm-gnu-toolchain/bin/../lib/gcc/arm-none-eabi/6.3.1/../../../../arm-none-eabi/lib/thumb/v7e-m\libc.a
END GROUP
LOAD c:/program files (x86)/atmel/studio/7.0/toolchain/arm/arm-gnu-toolchain/bin/../lib/gcc/arm-none-eabi/6.3.1/thumb/v7e-m/crtend.o
LOAD c:/program files (x86)/atmel/studio/7.0/toolchain/arm/arm-gnu-toolchain/bin/../lib/gcc/arm-none-eabi/6.3.1/thumb/v7e-m/crtn.o
                0x00002000                STACK_SIZE = DEFINED (STACK_SIZE)?STACK_SIZE:0x2000
                0x2045fffc                __ram_end__ = ((ORIGIN (ram) + LENGTH (ram)) - 0x4)
                0x00000200                HEAP_SIZE = DEFINED (HEAP_SIZE)?HEAP_SIZE:0x200

.text           0x00400000    0x4d70c
                0x00400000                . = ALIGN (0x4)
                0x00400000                _sfixed = .
 *(.vectors .vectors.*)
 .vectors       0x00400000      0x168 src/ASF/sam/utils/cmsis/same70/source/templates/gcc/startup_same70.o
                0x00400000                exception_table
 *(.text .text.* .gnu.linkonce.t.*)
 .text          0x00400168       0x6c c:/program files (x86)/atmel/studio/7.0/toolchain/arm/arm-gnu-toolchain/bin/../lib/gcc/arm-none-eabi/6.3.1/thumb/v7e-m/crtbegin.o
 .text.rtc_set_time_alarm
                0x004001d4      0x100 src/ASF/sam/drivers/rtc/rtc.o
                0x004001d4                rtc_set_time_alarm
 .text.rtc_set_date_alarm
                0x004002d4       0xb0 src/ASF/sam/drivers/rtc/rtc.o
                0x004002d4                rtc_set_date_alarm
 .text.rtt_init
                0x00400384       0x30 src/ASF/sam/drivers/rtt/rtt.o
                0x00400384                rtt_init
 .text.rtt_sel_source
                0x004003b4       0x58 src/ASF/sam/drivers/rtt/rtt.o
                0x004003b4                rtt_sel_source
 .text.rtt_enable_interrupt
                0x0040040c       0x38 src/ASF/sam/drivers/rtt/rtt.o
                0x0040040c                rtt_enable_interrupt
 .text.rtt_disable_interrupt
                0x00400444       0x40 src/ASF/sam/drivers/rtt/rtt.o
                0x00400444                rtt_disable_interrupt
 .text.rtt_read_timer_value
                0x00400484       0x2e src/ASF/sam/drivers/rtt/rtt.o
                0x00400484                rtt_read_timer_value
 .text.rtt_get_status
                0x004004b2       0x18 src/ASF/sam/drivers/rtt/rtt.o
                0x004004b2                rtt_get_status
 *fill*         0x004004ca        0x2 
 .text.rtt_write_alarm_time
                0x004004cc       0x5c src/ASF/sam/drivers/rtt/rtt.o
                0x004004cc                rtt_write_alarm_time
 .text.NVIC_EnableIRQ
                0x00400528       0x34 src/main.o
 .text.NVIC_DisableIRQ
                0x0040055c       0x34 src/main.o
 .text.NVIC_ClearPendingIRQ
                0x00400590       0x34 src/main.o
 .text.NVIC_SetPriority
                0x004005c4       0x54 src/main.o
 .text.but_callback
                0x00400618       0x2c src/main.o
                0x00400618                but_callback
 .text.font_draw_text
                0x00400644       0x88 src/main.o
                0x00400644                font_draw_text
 .text.RTT_Handler
                0x004006cc       0xa0 src/main.o
                0x004006cc                RTT_Handler
 .text.io_init  0x0040076c       0x98 src/main.o
                0x0040076c                io_init
 .text.RTT_init
                0x00400804       0x98 src/main.o
 .text.configure_lcd
                0x0040089c       0x4c src/main.o
                0x0040089c                configure_lcd
 .text.pin_toggle
                0x004008e8       0x40 src/main.o
                0x004008e8                pin_toggle
 .text.main     0x00400928      0x194 src/main.o
                0x00400928                main
 .text.osc_get_rate
                0x00400abc       0x74 src/ASF/common/services/spi/sam_spi/spi_master.o
 .text.sysclk_get_main_hz
                0x00400b30       0x20 src/ASF/common/services/spi/sam_spi/spi_master.o
 .text.sysclk_get_peripheral_hz
                0x00400b50       0x14 src/ASF/common/services/spi/sam_spi/spi_master.o
 .text.spi_reset
                0x00400b64       0x1a src/ASF/common/services/spi/sam_spi/spi_master.o
 .text.spi_set_master_mode
                0x00400b7e       0x20 src/ASF/common/services/spi/sam_spi/spi_master.o
 .text.spi_set_fixed_peripheral_select
                0x00400b9e       0x20 src/ASF/common/services/spi/sam_spi/spi_master.o
 .text.spi_disable_peripheral_select_decode
                0x00400bbe       0x20 src/ASF/common/services/spi/sam_spi/spi_master.o
 .text.spi_get_peripheral_select_decode_setting
                0x00400bde       0x26 src/ASF/common/services/spi/sam_spi/spi_master.o
 .text.spi_disable_mode_fault_detect
                0x00400c04       0x20 src/ASF/common/services/spi/sam_spi/spi_master.o
 .text.spi_disable_loopback
                0x00400c24       0x20 src/ASF/common/services/spi/sam_spi/spi_master.o
 .text.spi_put  0x00400c44       0x1e src/ASF/common/services/spi/sam_spi/spi_master.o
 .text.spi_get  0x00400c62       0x1a src/ASF/common/services/spi/sam_spi/spi_master.o
 .text.spi_is_tx_ready
                0x00400c7c       0x26 src/ASF/common/services/spi/sam_spi/spi_master.o
 .text.spi_is_rx_ready
                0x00400ca2       0x2c src/ASF/common/services/spi/sam_spi/spi_master.o
 *fill*         0x00400cce        0x2 
 .text.spi_write_single
                0x00400cd0       0x24 src/ASF/common/services/spi/sam_spi/spi_master.o
 .text.spi_read_single
                0x00400cf4       0x24 src/ASF/common/services/spi/sam_spi/spi_master.o
 .text.spi_master_init
                0x00400d18       0x70 src/ASF/common/services/spi/sam_spi/spi_master.o
                0x00400d18                spi_master_init
 .text.spi_master_setup_device
                0x00400d88       0xb4 src/ASF/common/services/spi/sam_spi/spi_master.o
                0x00400d88                spi_master_setup_device
 .text.spi_select_device
                0x00400e3c       0x58 src/ASF/common/services/spi/sam_spi/spi_master.o
                0x00400e3c                spi_select_device
 .text.spi_write_packet
                0x00400e94       0x74 src/ASF/common/services/spi/sam_spi/spi_master.o
                0x00400e94                spi_write_packet
 .text.spi_read_packet
                0x00400f08       0xac src/ASF/common/services/spi/sam_spi/spi_master.o
                0x00400f08                spi_read_packet
 .text.spi_enable
                0x00400fb4       0x1a src/ASF/sam/components/display/ili9488/ili9488.o
 .text.spi_enable_interrupt
                0x00400fce       0x1c src/ASF/sam/components/display/ili9488/ili9488.o
 *fill*         0x00400fea        0x2 
 .text.ili9488_write_ram_prepare
                0x00400fec       0x40 src/ASF/sam/components/display/ili9488/ili9488.o
 .text.ili9488_write_ram_buffer
                0x0040102c       0x40 src/ASF/sam/components/display/ili9488/ili9488.o
 .text.ili9488_write_register
                0x0040106c       0x78 src/ASF/sam/components/display/ili9488/ili9488.o
 .text.ili9488_read_chipid
                0x004010e4       0xcc src/ASF/sam/components/display/ili9488/ili9488.o
 .text.ili9488_delay
                0x004011b0       0x40 src/ASF/sam/components/display/ili9488/ili9488.o
                0x004011b0                ili9488_delay
 .text.ili9488_check_box_coordinates
                0x004011f0       0xa2 src/ASF/sam/components/display/ili9488/ili9488.o
 *fill*         0x00401292        0x2 
 .text.ili9488_set_display_direction
                0x00401294       0x34 src/ASF/sam/components/display/ili9488/ili9488.o
                0x00401294                ili9488_set_display_direction
 .text.ili9488_set_window
                0x004012c8       0xc8 src/ASF/sam/components/display/ili9488/ili9488.o
                0x004012c8                ili9488_set_window
 .text.ili9488_init
                0x00401390      0x15c src/ASF/sam/components/display/ili9488/ili9488.o
                0x00401390                ili9488_init
 .text.ili9488_display_on
                0x004014ec       0x18 src/ASF/sam/components/display/ili9488/ili9488.o
                0x004014ec                ili9488_display_on
 .text.ili9488_set_foreground_color
                0x00401504       0x54 src/ASF/sam/components/display/ili9488/ili9488.o
                0x00401504                ili9488_set_foreground_color
 .text.ili9488_set_cursor_position
                0x00401558       0x84 src/ASF/sam/components/display/ili9488/ili9488.o
                0x00401558                ili9488_set_cursor_position
 .text.ili9488_draw_filled_rectangle
                0x004015dc       0xdc src/ASF/sam/components/display/ili9488/ili9488.o
                0x004015dc                ili9488_draw_filled_rectangle
 .text.ili9488_draw_pixmap
                0x004016b8       0xb4 src/ASF/sam/components/display/ili9488/ili9488.o
                0x004016b8                ili9488_draw_pixmap
 .text.spi_get_peripheral_select_mode
                0x0040176c       0x26 src/ASF/sam/drivers/spi/spi.o
 *fill*         0x00401792        0x2 
 .text.sysclk_enable_peripheral_clock
                0x00401794       0x1c src/ASF/sam/drivers/spi/spi.o
 .text.spi_enable_clock
                0x004017b0       0x3c src/ASF/sam/drivers/spi/spi.o
                0x004017b0                spi_enable_clock
 .text.spi_set_peripheral_chip_select_value
                0x004017ec       0x34 src/ASF/sam/drivers/spi/spi.o
                0x004017ec                spi_set_peripheral_chip_select_value
 .text.spi_set_delay_between_chip_select
                0x00401820       0x30 src/ASF/sam/drivers/spi/spi.o
                0x00401820                spi_set_delay_between_chip_select
 .text.spi_write
                0x00401850       0x80 src/ASF/sam/drivers/spi/spi.o
                0x00401850                spi_write
 .text.spi_set_clock_polarity
                0x004018d0       0x50 src/ASF/sam/drivers/spi/spi.o
                0x004018d0                spi_set_clock_polarity
 .text.spi_set_clock_phase
                0x00401920       0x50 src/ASF/sam/drivers/spi/spi.o
                0x00401920                spi_set_clock_phase
 .text.spi_configure_cs_behavior
                0x00401970       0xa6 src/ASF/sam/drivers/spi/spi.o
                0x00401970                spi_configure_cs_behavior
 .text.spi_set_bits_per_transfer
                0x00401a16       0x4a src/ASF/sam/drivers/spi/spi.o
                0x00401a16                spi_set_bits_per_transfer
 .text.spi_calc_baudrate_div
                0x00401a60       0x3c src/ASF/sam/drivers/spi/spi.o
                0x00401a60                spi_calc_baudrate_div
 .text.spi_set_baudrate_div
                0x00401a9c       0x5e src/ASF/sam/drivers/spi/spi.o
                0x00401a9c                spi_set_baudrate_div
 .text.spi_set_transfer_delay
                0x00401afa       0x5e src/ASF/sam/drivers/spi/spi.o
                0x00401afa                spi_set_transfer_delay
 .text.osc_enable
                0x00401b58       0x88 src/ASF/common/services/clock/same70/sysclk.o
 .text.osc_is_ready
                0x00401be0       0x70 src/ASF/common/services/clock/same70/sysclk.o
 .text.osc_get_rate
                0x00401c50       0x74 src/ASF/common/services/clock/same70/sysclk.o
 .text.osc_wait_ready
                0x00401cc4       0x2c src/ASF/common/services/clock/same70/sysclk.o
 .text.pll_config_init
                0x00401cf0       0x6c src/ASF/common/services/clock/same70/sysclk.o
 .text.pll_enable
                0x00401d5c       0x40 src/ASF/common/services/clock/same70/sysclk.o
 .text.pll_is_locked
                0x00401d9c       0x2c src/ASF/common/services/clock/same70/sysclk.o
 .text.pll_enable_source
                0x00401dc8       0x38 src/ASF/common/services/clock/same70/sysclk.o
 .text.pll_wait_for_lock
                0x00401e00       0x24 src/ASF/common/services/clock/same70/sysclk.o
 .text.sysclk_get_main_hz
                0x00401e24       0x20 src/ASF/common/services/clock/same70/sysclk.o
 .text.sysclk_get_cpu_hz
                0x00401e44       0x14 src/ASF/common/services/clock/same70/sysclk.o
 .text.sysclk_init
                0x00401e58       0x7c src/ASF/common/services/clock/same70/sysclk.o
                0x00401e58                sysclk_init
 .text.SCB_EnableICache
                0x00401ed4       0x38 src/ASF/sam/boards/same70_xplained/init.o
 .text.SCB_EnableDCache
                0x00401f0c       0xa4 src/ASF/sam/boards/same70_xplained/init.o
 .text.sysclk_enable_peripheral_clock
                0x00401fb0       0x1c src/ASF/sam/boards/same70_xplained/init.o
 .text.ioport_init
                0x00401fcc       0x2c src/ASF/sam/boards/same70_xplained/init.o
 .text.ioport_set_pin_mode
                0x00401ff8      0x11c src/ASF/sam/boards/same70_xplained/init.o
 .text.ioport_set_pin_dir
                0x00402114       0x88 src/ASF/sam/boards/same70_xplained/init.o
 .text.ioport_set_pin_level
                0x0040219c       0x6c src/ASF/sam/boards/same70_xplained/init.o
 .text.ioport_set_pin_sense_mode
                0x00402208       0xd0 src/ASF/sam/boards/same70_xplained/init.o
 .text.tcm_disable
                0x004022d8       0x44 src/ASF/sam/boards/same70_xplained/init.o
 .text.board_init
                0x0040231c      0x188 src/ASF/sam/boards/same70_xplained/init.o
                0x0040231c                board_init
 .text.pio_pull_up
                0x004024a4       0x2c src/ASF/sam/drivers/pio/pio.o
                0x004024a4                pio_pull_up
 .text.pio_set_debounce_filter
                0x004024d0       0x38 src/ASF/sam/drivers/pio/pio.o
                0x004024d0                pio_set_debounce_filter
 .text.pio_set  0x00402508       0x1c src/ASF/sam/drivers/pio/pio.o
                0x00402508                pio_set
 .text.pio_clear
                0x00402524       0x1c src/ASF/sam/drivers/pio/pio.o
                0x00402524                pio_clear
 .text.pio_set_peripheral
                0x00402540      0x110 src/ASF/sam/drivers/pio/pio.o
                0x00402540                pio_set_peripheral
 .text.pio_set_input
                0x00402650       0x80 src/ASF/sam/drivers/pio/pio.o
                0x00402650                pio_set_input
 .text.pio_set_output
                0x004026d0       0x64 src/ASF/sam/drivers/pio/pio.o
                0x004026d0                pio_set_output
 .text.pio_configure
                0x00402734       0xcc src/ASF/sam/drivers/pio/pio.o
                0x00402734                pio_configure
 .text.pio_get_output_data_status
                0x00402800       0x28 src/ASF/sam/drivers/pio/pio.o
                0x00402800                pio_get_output_data_status
 .text.pio_configure_interrupt
                0x00402828       0x6c src/ASF/sam/drivers/pio/pio.o
                0x00402828                pio_configure_interrupt
 .text.pio_enable_interrupt
                0x00402894       0x1c src/ASF/sam/drivers/pio/pio.o
                0x00402894                pio_enable_interrupt
 .text.pio_disable_interrupt
                0x004028b0       0x1c src/ASF/sam/drivers/pio/pio.o
                0x004028b0                pio_disable_interrupt
 .text.pio_get_interrupt_status
                0x004028cc       0x18 src/ASF/sam/drivers/pio/pio.o
                0x004028cc                pio_get_interrupt_status
 .text.pio_get_interrupt_mask
                0x004028e4       0x18 src/ASF/sam/drivers/pio/pio.o
                0x004028e4                pio_get_interrupt_mask
 .text.pio_set_pin_high
                0x004028fc       0x30 src/ASF/sam/drivers/pio/pio.o
                0x004028fc                pio_set_pin_high
 .text.pio_set_pin_low
                0x0040292c       0x30 src/ASF/sam/drivers/pio/pio.o
                0x0040292c                pio_set_pin_low
 .text.pio_configure_pin
                0x0040295c      0x1b0 src/ASF/sam/drivers/pio/pio.o
                0x0040295c                pio_configure_pin
 .text.pio_get_pin_group
                0x00402b0c       0x28 src/ASF/sam/drivers/pio/pio.o
                0x00402b0c                pio_get_pin_group
 .text.pio_handler_process
                0x00402b34       0xb4 src/ASF/sam/drivers/pio/pio_handler.o
                0x00402b34                pio_handler_process
 .text.pio_handler_set
                0x00402be8       0xa0 src/ASF/sam/drivers/pio/pio_handler.o
                0x00402be8                pio_handler_set
 .text.PIOA_Handler
                0x00402c88       0x18 src/ASF/sam/drivers/pio/pio_handler.o
                0x00402c88                PIOA_Handler
 .text.PIOB_Handler
                0x00402ca0       0x18 src/ASF/sam/drivers/pio/pio_handler.o
                0x00402ca0                PIOB_Handler
 .text.PIOC_Handler
                0x00402cb8       0x18 src/ASF/sam/drivers/pio/pio_handler.o
                0x00402cb8                PIOC_Handler
 .text.PIOD_Handler
                0x00402cd0       0x18 src/ASF/sam/drivers/pio/pio_handler.o
                0x00402cd0                PIOD_Handler
 .text.PIOE_Handler
                0x00402ce8       0x18 src/ASF/sam/drivers/pio/pio_handler.o
                0x00402ce8                PIOE_Handler
 .text.pmc_mck_set_division
                0x00402d00       0x7c src/ASF/sam/drivers/pmc/pmc.o
                0x00402d00                pmc_mck_set_division
 .text.pmc_switch_mck_to_pllack
                0x00402d7c       0x84 src/ASF/sam/drivers/pmc/pmc.o
                0x00402d7c                pmc_switch_mck_to_pllack
 .text.pmc_switch_sclk_to_32kxtal
                0x00402e00       0x38 src/ASF/sam/drivers/pmc/pmc.o
                0x00402e00                pmc_switch_sclk_to_32kxtal
 .text.pmc_osc_is_ready_32kxtal
                0x00402e38       0x34 src/ASF/sam/drivers/pmc/pmc.o
                0x00402e38                pmc_osc_is_ready_32kxtal
 .text.pmc_switch_mainck_to_fastrc
                0x00402e6c       0x70 src/ASF/sam/drivers/pmc/pmc.o
                0x00402e6c                pmc_switch_mainck_to_fastrc
 .text.pmc_switch_mainck_to_xtal
                0x00402edc       0x78 src/ASF/sam/drivers/pmc/pmc.o
                0x00402edc                pmc_switch_mainck_to_xtal
 .text.pmc_osc_is_ready_mainck
                0x00402f54       0x1c src/ASF/sam/drivers/pmc/pmc.o
                0x00402f54                pmc_osc_is_ready_mainck
 .text.pmc_disable_pllack
                0x00402f70       0x1c src/ASF/sam/drivers/pmc/pmc.o
                0x00402f70                pmc_disable_pllack
 .text.pmc_is_locked_pllack
                0x00402f8c       0x1c src/ASF/sam/drivers/pmc/pmc.o
                0x00402f8c                pmc_is_locked_pllack
 .text.pmc_is_locked_upll
                0x00402fa8       0x1c src/ASF/sam/drivers/pmc/pmc.o
                0x00402fa8                pmc_is_locked_upll
 .text.pmc_enable_periph_clk
                0x00402fc4       0x3c src/ASF/sam/drivers/pmc/pmc.o
                0x00402fc4                pmc_enable_periph_clk
 .text.pmc_set_flash_in_wait_mode
                0x00403000       0x20 src/ASF/sam/drivers/pmc/pmc.o
                0x00403000                pmc_set_flash_in_wait_mode
 .text.pmc_enable_waitmode
                0x00403020       0x90 src/ASF/sam/drivers/pmc/pmc.o
                0x00403020                pmc_enable_waitmode
 .text.pmc_sleep
                0x004030b0      0x398 src/ASF/sam/drivers/pmc/sleep.o
                0x004030b0                pmc_sleep
 .text.cpu_irq_save
                0x00403448       0x38 src/ASF/sam/utils/cmsis/same70/source/templates/gcc/startup_same70.o
 .text.cpu_irq_is_enabled_flags
                0x00403480       0x20 src/ASF/sam/utils/cmsis/same70/source/templates/gcc/startup_same70.o
 .text.cpu_irq_restore
                0x004034a0       0x30 src/ASF/sam/utils/cmsis/same70/source/templates/gcc/startup_same70.o
 .text.Reset_Handler
                0x004034d0       0xb0 src/ASF/sam/utils/cmsis/same70/source/templates/gcc/startup_same70.o
                0x004034d0                Reset_Handler
 .text.Dummy_Handler
                0x00403580        0x6 src/ASF/sam/utils/cmsis/same70/source/templates/gcc/startup_same70.o
                0x00403580                DACC_Handler
                0x00403580                DebugMon_Handler
                0x00403580                UART3_Handler
                0x00403580                UART2_Handler
                0x00403580                TRNG_Handler
                0x00403580                HardFault_Handler
                0x00403580                TC2_Handler
                0x00403580                SysTick_Handler
                0x00403580                AFEC1_Handler
                0x00403580                PendSV_Handler
                0x00403580                NMI_Handler
                0x00403580                TC7_Handler
                0x00403580                QSPI_Handler
                0x00403580                ISI_Handler
                0x00403580                MCAN0_INT0_Handler
                0x00403580                TC9_Handler
                0x00403580                RSWDT_Handler
                0x00403580                USART0_Handler
                0x00403580                USBHS_Handler
                0x00403580                IXC_Handler
                0x00403580                CCF_Handler
                0x00403580                RTC_Handler
                0x00403580                UsageFault_Handler
                0x00403580                TC6_Handler
                0x00403580                WDT_Handler
                0x00403580                MCAN1_INT1_Handler
                0x00403580                TC4_Handler
                0x00403580                TC1_Handler
                0x00403580                HSMCI_Handler
                0x00403580                UART1_Handler
                0x00403580                TC3_Handler
                0x00403580                Dummy_Handler
                0x00403580                TWIHS1_Handler
                0x00403580                XDMAC_Handler
                0x00403580                UART4_Handler
                0x00403580                PWM1_Handler
                0x00403580                USART1_Handler
                0x00403580                PWM0_Handler
                0x00403580                AFEC0_Handler
                0x00403580                CCW_Handler
                0x00403580                TC11_Handler
                0x00403580                SSC_Handler
                0x00403580                ACC_Handler
                0x00403580                PMC_Handler
                0x00403580                GMAC_Handler
                0x00403580                MCAN0_INT1_Handler
                0x00403580                GMAC_Q5_Handler
                0x00403580                MemManage_Handler
                0x00403580                SUPC_Handler
                0x00403580                SVC_Handler
                0x00403580                TC8_Handler
                0x00403580                MCAN1_INT0_Handler
                0x00403580                EFC_Handler
                0x00403580                GMAC_Q1_Handler
                0x00403580                USART2_Handler
                0x00403580                SDRAMC_Handler
                0x00403580                GMAC_Q2_Handler
                0x00403580                SPI1_Handler
                0x00403580                TC10_Handler
                0x00403580                GMAC_Q3_Handler
                0x00403580                TWIHS2_Handler
                0x00403580                I2SC0_Handler
                0x00403580                UART0_Handler
                0x00403580                I2SC1_Handler
                0x00403580                GMAC_Q4_Handler
                0x00403580                FPU_Handler
                0x00403580                BusFault_Handler
                0x00403580                RSTC_Handler
                0x00403580                TC0_Handler
                0x00403580                TC5_Handler
                0x00403580                AES_Handler
                0x00403580                ICM_Handler
                0x00403580                TWIHS0_Handler
                0x00403580                SPI0_Handler
 *fill*         0x00403586        0x2 
 .text.SystemCoreClockUpdate
                0x00403588      0x168 src/ASF/sam/utils/cmsis/same70/source/templates/system_same70.o
                0x00403588                SystemCoreClockUpdate
 .text.system_init_flash
                0x004036f0       0xb0 src/ASF/sam/utils/cmsis/same70/source/templates/system_same70.o
                0x004036f0                system_init_flash
 .text._sbrk    0x004037a0       0x58 src/ASF/sam/utils/syscalls/gcc/syscalls.o
                0x004037a0                _sbrk
 .text.__libc_init_array
                0x004037f8       0x50 c:/program files (x86)/atmel/studio/7.0/toolchain/arm/arm-gnu-toolchain/bin/../lib/gcc/arm-none-eabi/6.3.1/../../../../arm-none-eabi/lib/thumb/v7e-m\libc.a(lib_a-init.o)
                0x004037f8                __libc_init_array
 .text.memset   0x00403848       0x9c c:/program files (x86)/atmel/studio/7.0/toolchain/arm/arm-gnu-toolchain/bin/../lib/gcc/arm-none-eabi/6.3.1/../../../../arm-none-eabi/lib/thumb/v7e-m\libc.a(lib_a-memset.o)
                0x00403848                memset
 .text.sprintf  0x004038e4       0x4c c:/program files (x86)/atmel/studio/7.0/toolchain/arm/arm-gnu-toolchain/bin/../lib/gcc/arm-none-eabi/6.3.1/../../../../arm-none-eabi/lib/thumb/v7e-m\libc.a(lib_a-sprintf.o)
                0x004038e4                sprintf
 .text._svfprintf_r
                0x00403930     0x145c c:/program files (x86)/atmel/studio/7.0/toolchain/arm/arm-gnu-toolchain/bin/../lib/gcc/arm-none-eabi/6.3.1/../../../../arm-none-eabi/lib/thumb/v7e-m\libc.a(lib_a-svfprintf.o)
                0x00403930                _svfprintf_r
 .text.startup.register_fini
                0x00404d8c       0x14 c:/program files (x86)/atmel/studio/7.0/toolchain/arm/arm-gnu-toolchain/bin/../lib/gcc/arm-none-eabi/6.3.1/../../../../arm-none-eabi/lib/thumb/v7e-m\libc.a(lib_a-__call_atexit.o)
 .text.atexit   0x00404da0        0xc c:/program files (x86)/atmel/studio/7.0/toolchain/arm/arm-gnu-toolchain/bin/../lib/gcc/arm-none-eabi/6.3.1/../../../../arm-none-eabi/lib/thumb/v7e-m\libc.a(lib_a-atexit.o)
                0x00404da0                atexit
 .text.quorem   0x00404dac      0x128 c:/program files (x86)/atmel/studio/7.0/toolchain/arm/arm-gnu-toolchain/bin/../lib/gcc/arm-none-eabi/6.3.1/../../../../arm-none-eabi/lib/thumb/v7e-m\libc.a(lib_a-dtoa.o)
 *fill*         0x00404ed4        0x4 
 .text._dtoa_r  0x00404ed8      0xe54 c:/program files (x86)/atmel/studio/7.0/toolchain/arm/arm-gnu-toolchain/bin/../lib/gcc/arm-none-eabi/6.3.1/../../../../arm-none-eabi/lib/thumb/v7e-m\libc.a(lib_a-dtoa.o)
                0x00404ed8                _dtoa_r
 .text.__libc_fini_array
                0x00405d2c       0x34 c:/program files (x86)/atmel/studio/7.0/toolchain/arm/arm-gnu-toolchain/bin/../lib/gcc/arm-none-eabi/6.3.1/../../../../arm-none-eabi/lib/thumb/v7e-m\libc.a(lib_a-fini.o)
                0x00405d2c                __libc_fini_array
 .text._localeconv_r
                0x00405d60       0x1c c:/program files (x86)/atmel/studio/7.0/toolchain/arm/arm-gnu-toolchain/bin/../lib/gcc/arm-none-eabi/6.3.1/../../../../arm-none-eabi/lib/thumb/v7e-m\libc.a(lib_a-localeconv.o)
                0x00405d60                _localeconv_r
 .text.__retarget_lock_acquire_recursive
                0x00405d7c        0x4 c:/program files (x86)/atmel/studio/7.0/toolchain/arm/arm-gnu-toolchain/bin/../lib/gcc/arm-none-eabi/6.3.1/../../../../arm-none-eabi/lib/thumb/v7e-m\libc.a(lib_a-lock.o)
                0x00405d7c                __retarget_lock_acquire_recursive
 .text.__retarget_lock_release_recursive
                0x00405d80        0x4 c:/program files (x86)/atmel/studio/7.0/toolchain/arm/arm-gnu-toolchain/bin/../lib/gcc/arm-none-eabi/6.3.1/../../../../arm-none-eabi/lib/thumb/v7e-m\libc.a(lib_a-lock.o)
                0x00405d80                __retarget_lock_release_recursive
 .text._malloc_r
                0x00405d84      0x560 c:/program files (x86)/atmel/studio/7.0/toolchain/arm/arm-gnu-toolchain/bin/../lib/gcc/arm-none-eabi/6.3.1/../../../../arm-none-eabi/lib/thumb/v7e-m\libc.a(lib_a-mallocr.o)
                0x00405d84                _malloc_r
 *fill*         0x004062e4        0xc 
 .text          0x004062f0       0xa0 c:/program files (x86)/atmel/studio/7.0/toolchain/arm/arm-gnu-toolchain/bin/../lib/gcc/arm-none-eabi/6.3.1/../../../../arm-none-eabi/lib/thumb/v7e-m\libc.a(lib_a-memchr.o)
                0x004062f0                memchr
 .text          0x00406390      0x134 c:/program files (x86)/atmel/studio/7.0/toolchain/arm/arm-gnu-toolchain/bin/../lib/gcc/arm-none-eabi/6.3.1/../../../../arm-none-eabi/lib/thumb/v7e-m\libc.a(lib_a-memcpy.o)
                0x00406390                memcpy
 .text.__malloc_lock
                0x004064c4        0xc c:/program files (x86)/atmel/studio/7.0/toolchain/arm/arm-gnu-toolchain/bin/../lib/gcc/arm-none-eabi/6.3.1/../../../../arm-none-eabi/lib/thumb/v7e-m\libc.a(lib_a-mlock.o)
                0x004064c4                __malloc_lock
 .text.__malloc_unlock
                0x004064d0        0xc c:/program files (x86)/atmel/studio/7.0/toolchain/arm/arm-gnu-toolchain/bin/../lib/gcc/arm-none-eabi/6.3.1/../../../../arm-none-eabi/lib/thumb/v7e-m\libc.a(lib_a-mlock.o)
                0x004064d0                __malloc_unlock
 .text._Balloc  0x004064dc       0x4c c:/program files (x86)/atmel/studio/7.0/toolchain/arm/arm-gnu-toolchain/bin/../lib/gcc/arm-none-eabi/6.3.1/../../../../arm-none-eabi/lib/thumb/v7e-m\libc.a(lib_a-mprec.o)
                0x004064dc                _Balloc
 .text._Bfree   0x00406528       0x14 c:/program files (x86)/atmel/studio/7.0/toolchain/arm/arm-gnu-toolchain/bin/../lib/gcc/arm-none-eabi/6.3.1/../../../../arm-none-eabi/lib/thumb/v7e-m\libc.a(lib_a-mprec.o)
                0x00406528                _Bfree
 .text.__multadd
                0x0040653c       0x80 c:/program files (x86)/atmel/studio/7.0/toolchain/arm/arm-gnu-toolchain/bin/../lib/gcc/arm-none-eabi/6.3.1/../../../../arm-none-eabi/lib/thumb/v7e-m\libc.a(lib_a-mprec.o)
                0x0040653c                __multadd
 .text.__hi0bits
                0x004065bc       0x40 c:/program files (x86)/atmel/studio/7.0/toolchain/arm/arm-gnu-toolchain/bin/../lib/gcc/arm-none-eabi/6.3.1/../../../../arm-none-eabi/lib/thumb/v7e-m\libc.a(lib_a-mprec.o)
                0x004065bc                __hi0bits
 .text.__lo0bits
                0x004065fc       0x60 c:/program files (x86)/atmel/studio/7.0/toolchain/arm/arm-gnu-toolchain/bin/../lib/gcc/arm-none-eabi/6.3.1/../../../../arm-none-eabi/lib/thumb/v7e-m\libc.a(lib_a-mprec.o)
                0x004065fc                __lo0bits
 .text.__i2b    0x0040665c       0x14 c:/program files (x86)/atmel/studio/7.0/toolchain/arm/arm-gnu-toolchain/bin/../lib/gcc/arm-none-eabi/6.3.1/../../../../arm-none-eabi/lib/thumb/v7e-m\libc.a(lib_a-mprec.o)
                0x0040665c                __i2b
 .text.__multiply
                0x00406670      0x124 c:/program files (x86)/atmel/studio/7.0/toolchain/arm/arm-gnu-toolchain/bin/../lib/gcc/arm-none-eabi/6.3.1/../../../../arm-none-eabi/lib/thumb/v7e-m\libc.a(lib_a-mprec.o)
                0x00406670                __multiply
 .text.__pow5mult
                0x00406794       0xa0 c:/program files (x86)/atmel/studio/7.0/toolchain/arm/arm-gnu-toolchain/bin/../lib/gcc/arm-none-eabi/6.3.1/../../../../arm-none-eabi/lib/thumb/v7e-m\libc.a(lib_a-mprec.o)
                0x00406794                __pow5mult
 .text.__lshift
                0x00406834       0xa4 c:/program files (x86)/atmel/studio/7.0/toolchain/arm/arm-gnu-toolchain/bin/../lib/gcc/arm-none-eabi/6.3.1/../../../../arm-none-eabi/lib/thumb/v7e-m\libc.a(lib_a-mprec.o)
                0x00406834                __lshift
 .text.__mcmp   0x004068d8       0x38 c:/program files (x86)/atmel/studio/7.0/toolchain/arm/arm-gnu-toolchain/bin/../lib/gcc/arm-none-eabi/6.3.1/../../../../arm-none-eabi/lib/thumb/v7e-m\libc.a(lib_a-mprec.o)
                0x004068d8                __mcmp
 .text.__mdiff  0x00406910      0x108 c:/program files (x86)/atmel/studio/7.0/toolchain/arm/arm-gnu-toolchain/bin/../lib/gcc/arm-none-eabi/6.3.1/../../../../arm-none-eabi/lib/thumb/v7e-m\libc.a(lib_a-mprec.o)
                0x00406910                __mdiff
 .text.__d2b    0x00406a18       0xb8 c:/program files (x86)/atmel/studio/7.0/toolchain/arm/arm-gnu-toolchain/bin/../lib/gcc/arm-none-eabi/6.3.1/../../../../arm-none-eabi/lib/thumb/v7e-m\libc.a(lib_a-mprec.o)
                0x00406a18                __d2b
 .text._sbrk_r  0x00406ad0       0x24 c:/program files (x86)/atmel/studio/7.0/toolchain/arm/arm-gnu-toolchain/bin/../lib/gcc/arm-none-eabi/6.3.1/../../../../arm-none-eabi/lib/thumb/v7e-m\libc.a(lib_a-sbrkr.o)
                0x00406ad0                _sbrk_r
 *fill*         0x00406af4        0xc 
 .text          0x00406b00       0xdc c:/program files (x86)/atmel/studio/7.0/toolchain/arm/arm-gnu-toolchain/bin/../lib/gcc/arm-none-eabi/6.3.1/../../../../arm-none-eabi/lib/thumb/v7e-m\libc.a(lib_a-strlen.o)
                0x00406b00                strlen
 .text.__ssprint_r
                0x00406bdc       0xfc c:/program files (x86)/atmel/studio/7.0/toolchain/arm/arm-gnu-toolchain/bin/../lib/gcc/arm-none-eabi/6.3.1/../../../../arm-none-eabi/lib/thumb/v7e-m\libc.a(lib_a-svfiprintf.o)
                0x00406bdc                __ssprint_r
 .text.__register_exitproc
                0x00406cd8       0xc4 c:/program files (x86)/atmel/studio/7.0/toolchain/arm/arm-gnu-toolchain/bin/../lib/gcc/arm-none-eabi/6.3.1/../../../../arm-none-eabi/lib/thumb/v7e-m\libc.a(lib_a-__atexit.o)
                0x00406cd8                __register_exitproc
 .text._calloc_r
                0x00406d9c       0x60 c:/program files (x86)/atmel/studio/7.0/toolchain/arm/arm-gnu-toolchain/bin/../lib/gcc/arm-none-eabi/6.3.1/../../../../arm-none-eabi/lib/thumb/v7e-m\libc.a(lib_a-callocr.o)
                0x00406d9c                _calloc_r
 .text._malloc_trim_r
                0x00406dfc       0xa0 c:/program files (x86)/atmel/studio/7.0/toolchain/arm/arm-gnu-toolchain/bin/../lib/gcc/arm-none-eabi/6.3.1/../../../../arm-none-eabi/lib/thumb/v7e-m\libc.a(lib_a-freer.o)
                0x00406dfc                _malloc_trim_r
 .text._free_r  0x00406e9c      0x1cc c:/program files (x86)/atmel/studio/7.0/toolchain/arm/arm-gnu-toolchain/bin/../lib/gcc/arm-none-eabi/6.3.1/../../../../arm-none-eabi/lib/thumb/v7e-m\libc.a(lib_a-freer.o)
                0x00406e9c                _free_r
 .text.__ascii_mbtowc
                0x00407068       0x2c c:/program files (x86)/atmel/studio/7.0/toolchain/arm/arm-gnu-toolchain/bin/../lib/gcc/arm-none-eabi/6.3.1/../../../../arm-none-eabi/lib/thumb/v7e-m\libc.a(lib_a-mbtowc_r.o)
                0x00407068                __ascii_mbtowc
 .text.memmove  0x00407094       0xc8 c:/program files (x86)/atmel/studio/7.0/toolchain/arm/arm-gnu-toolchain/bin/../lib/gcc/arm-none-eabi/6.3.1/../../../../arm-none-eabi/lib/thumb/v7e-m\libc.a(lib_a-memmove.o)
                0x00407094                memmove
 .text._realloc_r
                0x0040715c      0x34c c:/program files (x86)/atmel/studio/7.0/toolchain/arm/arm-gnu-toolchain/bin/../lib/gcc/arm-none-eabi/6.3.1/../../../../arm-none-eabi/lib/thumb/v7e-m\libc.a(lib_a-reallocr.o)
                0x0040715c                _realloc_r
 .text.__ascii_wctomb
                0x004074a8       0x1c c:/program files (x86)/atmel/studio/7.0/toolchain/arm/arm-gnu-toolchain/bin/../lib/gcc/arm-none-eabi/6.3.1/../../../../arm-none-eabi/lib/thumb/v7e-m\libc.a(lib_a-wctomb_r.o)
                0x004074a8                __ascii_wctomb
 .text          0x004074c4      0x370 c:/program files (x86)/atmel/studio/7.0/toolchain/arm/arm-gnu-toolchain/bin/../lib/gcc/arm-none-eabi/6.3.1/thumb/v7e-m\libgcc.a(_arm_addsubdf3.o)
                0x004074c4                __aeabi_drsub
                0x004074cc                __aeabi_dsub
                0x004074cc                __subdf3
                0x004074d0                __aeabi_dadd
                0x004074d0                __adddf3
                0x00407748                __floatunsidf
                0x00407748                __aeabi_ui2d
                0x00407768                __floatsidf
                0x00407768                __aeabi_i2d
                0x0040778c                __aeabi_f2d
                0x0040778c                __extendsfdf2
                0x004077c8                __floatundidf
                0x004077c8                __aeabi_ul2d
                0x004077d8                __floatdidf
                0x004077d8                __aeabi_l2d
 .text          0x00407834      0x424 c:/program files (x86)/atmel/studio/7.0/toolchain/arm/arm-gnu-toolchain/bin/../lib/gcc/arm-none-eabi/6.3.1/thumb/v7e-m\libgcc.a(_arm_muldivdf3.o)
                0x00407834                __aeabi_dmul
                0x00407834                __muldf3
                0x00407a88                __divdf3
                0x00407a88                __aeabi_ddiv
 .text          0x00407c58      0x110 c:/program files (x86)/atmel/studio/7.0/toolchain/arm/arm-gnu-toolchain/bin/../lib/gcc/arm-none-eabi/6.3.1/thumb/v7e-m\libgcc.a(_arm_cmpdf2.o)
                0x00407c58                __gtdf2
                0x00407c58                __gedf2
                0x00407c60                __ltdf2
                0x00407c60                __ledf2
                0x00407c68                __nedf2
                0x00407c68                __eqdf2
                0x00407c68                __cmpdf2
                0x00407ce4                __aeabi_cdrcmple
                0x00407cf4                __aeabi_cdcmpeq
                0x00407cf4                __aeabi_cdcmple
                0x00407d04                __aeabi_dcmpeq
                0x00407d18                __aeabi_dcmplt
                0x00407d2c                __aeabi_dcmple
                0x00407d40                __aeabi_dcmpge
                0x00407d54                __aeabi_dcmpgt
 .text          0x00407d68       0x2c c:/program files (x86)/atmel/studio/7.0/toolchain/arm/arm-gnu-toolchain/bin/../lib/gcc/arm-none-eabi/6.3.1/thumb/v7e-m\libgcc.a(_arm_unorddf2.o)
                0x00407d68                __unorddf2
                0x00407d68                __aeabi_dcmpun
 .text          0x00407d94       0x50 c:/program files (x86)/atmel/studio/7.0/toolchain/arm/arm-gnu-toolchain/bin/../lib/gcc/arm-none-eabi/6.3.1/thumb/v7e-m\libgcc.a(_arm_fixdfsi.o)
                0x00407d94                __aeabi_d2iz
                0x00407d94                __fixdfsi
 .text          0x00407de4       0x30 c:/program files (x86)/atmel/studio/7.0/toolchain/arm/arm-gnu-toolchain/bin/../lib/gcc/arm-none-eabi/6.3.1/thumb/v7e-m\libgcc.a(_aeabi_uldivmod.o)
                0x00407de4                __aeabi_uldivmod
 .text          0x00407e14      0x2dc c:/program files (x86)/atmel/studio/7.0/toolchain/arm/arm-gnu-toolchain/bin/../lib/gcc/arm-none-eabi/6.3.1/thumb/v7e-m\libgcc.a(_udivmoddi4.o)
                0x00407e14                __udivmoddi4
 .text          0x004080f0        0x4 c:/program files (x86)/atmel/studio/7.0/toolchain/arm/arm-gnu-toolchain/bin/../lib/gcc/arm-none-eabi/6.3.1/thumb/v7e-m\libgcc.a(_dvmd_tls.o)
                0x004080f0                __aeabi_idiv0
                0x004080f0                __aeabi_ldiv0
 *(.glue_7t)
 .glue_7t       0x004080f4        0x0 linker stubs
 *(.glue_7)
 .glue_7        0x004080f4        0x0 linker stubs
 *(.rodata .rodata* .gnu.linkonce.r.*)
 .rodata.image_data_calibri_36_0x20
                0x004080f4      0x378 src/main.o
 .rodata.calibri_36_0x20
                0x0040846c       0x10 src/main.o
 .rodata.image_data_calibri_36_0x21
                0x0040847c      0x534 src/main.o
 .rodata.calibri_36_0x21
                0x004089b0       0x10 src/main.o
 .rodata.image_data_calibri_36_0x22
                0x004089c0      0x612 src/main.o
 *fill*         0x00408fd2        0x2 
 .rodata.calibri_36_0x22
                0x00408fd4       0x10 src/main.o
 .rodata.image_data_calibri_36_0x23
                0x00408fe4      0x7ce src/main.o
 *fill*         0x004097b2        0x2 
 .rodata.calibri_36_0x23
                0x004097b4       0x10 src/main.o
 .rodata.image_data_calibri_36_0x24
                0x004097c4      0x7ce src/main.o
 *fill*         0x00409f92        0x2 
 .rodata.calibri_36_0x24
                0x00409f94       0x10 src/main.o
 .rodata.image_data_calibri_36_0x25
                0x00409fa4      0xb46 src/main.o
 *fill*         0x0040aaea        0x2 
 .rodata.calibri_36_0x25
                0x0040aaec       0x10 src/main.o
 .rodata.image_data_calibri_36_0x26
                0x0040aafc      0xad7 src/main.o
 *fill*         0x0040b5d3        0x1 
 .rodata.calibri_36_0x26
                0x0040b5d4       0x10 src/main.o
 .rodata.image_data_calibri_36_0x27
                0x0040b5e4      0x378 src/main.o
 .rodata.calibri_36_0x27
                0x0040b95c       0x10 src/main.o
 .rodata.image_data_calibri_36_0x28
                0x0040b96c      0x4c5 src/main.o
 *fill*         0x0040be31        0x3 
 .rodata.calibri_36_0x28
                0x0040be34       0x10 src/main.o
 .rodata.image_data_calibri_36_0x29
                0x0040be44      0x4c5 src/main.o
 *fill*         0x0040c309        0x3 
 .rodata.calibri_36_0x29
                0x0040c30c       0x10 src/main.o
 .rodata.image_data_calibri_36_0x2a
                0x0040c31c      0x7ce src/main.o
 *fill*         0x0040caea        0x2 
 .rodata.calibri_36_0x2a
                0x0040caec       0x10 src/main.o
 .rodata.image_data_calibri_36_0x2b
                0x0040cafc      0x7ce src/main.o
 *fill*         0x0040d2ca        0x2 
 .rodata.calibri_36_0x2b
                0x0040d2cc       0x10 src/main.o
 .rodata.image_data_calibri_36_0x2c
                0x0040d2dc      0x3e7 src/main.o
 *fill*         0x0040d6c3        0x1 
 .rodata.calibri_36_0x2c
                0x0040d6c4       0x10 src/main.o
 .rodata.image_data_calibri_36_0x2d
                0x0040d6d4      0x4c5 src/main.o
 *fill*         0x0040db99        0x3 
 .rodata.calibri_36_0x2d
                0x0040db9c       0x10 src/main.o
 .rodata.image_data_calibri_36_0x2e
                0x0040dbac      0x3e7 src/main.o
 *fill*         0x0040df93        0x1 
 .rodata.calibri_36_0x2e
                0x0040df94       0x10 src/main.o
 .rodata.image_data_calibri_36_0x2f
                0x0040dfa4      0x612 src/main.o
 *fill*         0x0040e5b6        0x2 
 .rodata.calibri_36_0x2f
                0x0040e5b8       0x10 src/main.o
 .rodata.image_data_calibri_36_0x30
                0x0040e5c8      0x7ce src/main.o
 *fill*         0x0040ed96        0x2 
 .rodata.calibri_36_0x30
                0x0040ed98       0x10 src/main.o
 .rodata.image_data_calibri_36_0x31
                0x0040eda8      0x7ce src/main.o
 *fill*         0x0040f576        0x2 
 .rodata.calibri_36_0x31
                0x0040f578       0x10 src/main.o
 .rodata.image_data_calibri_36_0x32
                0x0040f588      0x7ce src/main.o
 *fill*         0x0040fd56        0x2 
 .rodata.calibri_36_0x32
                0x0040fd58       0x10 src/main.o
 .rodata.image_data_calibri_36_0x33
                0x0040fd68      0x7ce src/main.o
 *fill*         0x00410536        0x2 
 .rodata.calibri_36_0x33
                0x00410538       0x10 src/main.o
 .rodata.image_data_calibri_36_0x34
                0x00410548      0x7ce src/main.o
 *fill*         0x00410d16        0x2 
 .rodata.calibri_36_0x34
                0x00410d18       0x10 src/main.o
 .rodata.image_data_calibri_36_0x35
                0x00410d28      0x7ce src/main.o
 *fill*         0x004114f6        0x2 
 .rodata.calibri_36_0x35
                0x004114f8       0x10 src/main.o
 .rodata.image_data_calibri_36_0x36
                0x00411508      0x7ce src/main.o
 *fill*         0x00411cd6        0x2 
 .rodata.calibri_36_0x36
                0x00411cd8       0x10 src/main.o
 .rodata.image_data_calibri_36_0x37
                0x00411ce8      0x7ce src/main.o
 *fill*         0x004124b6        0x2 
 .rodata.calibri_36_0x37
                0x004124b8       0x10 src/main.o
 .rodata.image_data_calibri_36_0x38
                0x004124c8      0x7ce src/main.o
 *fill*         0x00412c96        0x2 
 .rodata.calibri_36_0x38
                0x00412c98       0x10 src/main.o
 .rodata.image_data_calibri_36_0x39
                0x00412ca8      0x7ce src/main.o
 *fill*         0x00413476        0x2 
 .rodata.calibri_36_0x39
                0x00413478       0x10 src/main.o
 .rodata.image_data_calibri_36_0x3a
                0x00413488      0x456 src/main.o
 *fill*         0x004138de        0x2 
 .rodata.calibri_36_0x3a
                0x004138e0       0x10 src/main.o
 .rodata.image_data_calibri_36_0x3b
                0x004138f0      0x456 src/main.o
 *fill*         0x00413d46        0x2 
 .rodata.calibri_36_0x3b
                0x00413d48       0x10 src/main.o
 .rodata.image_data_calibri_36_0x3c
                0x00413d58      0x7ce src/main.o
 *fill*         0x00414526        0x2 
 .rodata.calibri_36_0x3c
                0x00414528       0x10 src/main.o
 .rodata.image_data_calibri_36_0x3d
                0x00414538      0x7ce src/main.o
 *fill*         0x00414d06        0x2 
 .rodata.calibri_36_0x3d
                0x00414d08       0x10 src/main.o
 .rodata.image_data_calibri_36_0x3e
                0x00414d18      0x7ce src/main.o
 *fill*         0x004154e6        0x2 
 .rodata.calibri_36_0x3e
                0x004154e8       0x10 src/main.o
 .rodata.image_data_calibri_36_0x3f
                0x004154f8      0x75f src/main.o
 *fill*         0x00415c57        0x1 
 .rodata.calibri_36_0x3f
                0x00415c58       0x10 src/main.o
 .rodata.image_data_calibri_36_0x40
                0x00415c68      0xde0 src/main.o
 .rodata.calibri_36_0x40
                0x00416a48       0x10 src/main.o
 .rodata.image_data_calibri_36_0x41
                0x00416a58      0x91b src/main.o
 *fill*         0x00417373        0x1 
 .rodata.calibri_36_0x41
                0x00417374       0x10 src/main.o
 .rodata.image_data_calibri_36_0x42
                0x00417384      0x8ac src/main.o
 .rodata.calibri_36_0x42
                0x00417c30       0x10 src/main.o
 .rodata.image_data_calibri_36_0x43
                0x00417c40      0x83d src/main.o
 *fill*         0x0041847d        0x3 
 .rodata.calibri_36_0x43
                0x00418480       0x10 src/main.o
 .rodata.image_data_calibri_36_0x44
                0x00418490      0x98a src/main.o
 *fill*         0x00418e1a        0x2 
 .rodata.calibri_36_0x44
                0x00418e1c       0x10 src/main.o
 .rodata.image_data_calibri_36_0x45
                0x00418e2c      0x7ce src/main.o
 *fill*         0x004195fa        0x2 
 .rodata.calibri_36_0x45
                0x004195fc       0x10 src/main.o
 .rodata.image_data_calibri_36_0x46
                0x0041960c      0x75f src/main.o
 *fill*         0x00419d6b        0x1 
 .rodata.calibri_36_0x46
                0x00419d6c       0x10 src/main.o
 .rodata.image_data_calibri_36_0x47
                0x00419d7c      0x9f9 src/main.o
 *fill*         0x0041a775        0x3 
 .rodata.calibri_36_0x47
                0x0041a778       0x10 src/main.o
 .rodata.image_data_calibri_36_0x48
                0x0041a788      0x98a src/main.o
 *fill*         0x0041b112        0x2 
 .rodata.calibri_36_0x48
                0x0041b114       0x10 src/main.o
 .rodata.image_data_calibri_36_0x49
                0x0041b124      0x3e7 src/main.o
 *fill*         0x0041b50b        0x1 
 .rodata.calibri_36_0x49
                0x0041b50c       0x10 src/main.o
 .rodata.image_data_calibri_36_0x4a
                0x0041b51c      0x4c5 src/main.o
 *fill*         0x0041b9e1        0x3 
 .rodata.calibri_36_0x4a
                0x0041b9e4       0x10 src/main.o
 .rodata.image_data_calibri_36_0x4b
                0x0041b9f4      0x83d src/main.o
 *fill*         0x0041c231        0x3 
 .rodata.calibri_36_0x4b
                0x0041c234       0x10 src/main.o
 .rodata.image_data_calibri_36_0x4c
                0x0041c244      0x681 src/main.o
 *fill*         0x0041c8c5        0x3 
 .rodata.calibri_36_0x4c
                0x0041c8c8       0x10 src/main.o
 .rodata.image_data_calibri_36_0x4d
                0x0041c8d8      0xd71 src/main.o
 *fill*         0x0041d649        0x3 
 .rodata.calibri_36_0x4d
                0x0041d64c       0x10 src/main.o
 .rodata.image_data_calibri_36_0x4e
                0x0041d65c      0x9f9 src/main.o
 *fill*         0x0041e055        0x3 
 .rodata.calibri_36_0x4e
                0x0041e058       0x10 src/main.o
 .rodata.image_data_calibri_36_0x4f
                0x0041e068      0xa68 src/main.o
 .rodata.calibri_36_0x4f
                0x0041ead0       0x10 src/main.o
 .rodata.image_data_calibri_36_0x50
                0x0041eae0      0x83d src/main.o
 *fill*         0x0041f31d        0x3 
 .rodata.calibri_36_0x50
                0x0041f320       0x10 src/main.o
 .rodata.image_data_calibri_36_0x51
                0x0041f330      0xad7 src/main.o
 *fill*         0x0041fe07        0x1 
 .rodata.calibri_36_0x51
                0x0041fe08       0x10 src/main.o
 .rodata.image_data_calibri_36_0x52
                0x0041fe18      0x8ac src/main.o
 .rodata.calibri_36_0x52
                0x004206c4       0x10 src/main.o
 .rodata.image_data_calibri_36_0x53
                0x004206d4      0x75f src/main.o
 *fill*         0x00420e33        0x1 
 .rodata.calibri_36_0x53
                0x00420e34       0x10 src/main.o
 .rodata.image_data_calibri_36_0x54
                0x00420e44      0x7ce src/main.o
 *fill*         0x00421612        0x2 
 .rodata.calibri_36_0x54
                0x00421614       0x10 src/main.o
 .rodata.image_data_calibri_36_0x55
                0x00421624      0x9f9 src/main.o
 *fill*         0x0042201d        0x3 
 .rodata.calibri_36_0x55
                0x00422020       0x10 src/main.o
 .rodata.image_data_calibri_36_0x56
                0x00422030      0x8ac src/main.o
 .rodata.calibri_36_0x56
                0x004228dc       0x10 src/main.o
 .rodata.image_data_calibri_36_0x57
                0x004228ec      0xde0 src/main.o
 .rodata.calibri_36_0x57
                0x004236cc       0x10 src/main.o
 .rodata.image_data_calibri_36_0x58
                0x004236dc      0x83d src/main.o
 *fill*         0x00423f19        0x3 
 .rodata.calibri_36_0x58
                0x00423f1c       0x10 src/main.o
 .rodata.image_data_calibri_36_0x59
                0x00423f2c      0x7ce src/main.o
 *fill*         0x004246fa        0x2 
 .rodata.calibri_36_0x59
                0x004246fc       0x10 src/main.o
 .rodata.image_data_calibri_36_0x5a
                0x0042470c      0x75f src/main.o
 *fill*         0x00424e6b        0x1 
 .rodata.calibri_36_0x5a
                0x00424e6c       0x10 src/main.o
 .rodata.image_data_calibri_36_0x5b
                0x00424e7c      0x4c5 src/main.o
 *fill*         0x00425341        0x3 
 .rodata.calibri_36_0x5b
                0x00425344       0x10 src/main.o
 .rodata.image_data_calibri_36_0x5c
                0x00425354      0x612 src/main.o
 *fill*         0x00425966        0x2 
 .rodata.calibri_36_0x5c
                0x00425968       0x10 src/main.o
 .rodata.image_data_calibri_36_0x5d
                0x00425978      0x4c5 src/main.o
 *fill*         0x00425e3d        0x3 
 .rodata.calibri_36_0x5d
                0x00425e40       0x10 src/main.o
 .rodata.image_data_calibri_36_0x5e
                0x00425e50      0x7ce src/main.o
 *fill*         0x0042661e        0x2 
 .rodata.calibri_36_0x5e
                0x00426620       0x10 src/main.o
 .rodata.image_data_calibri_36_0x5f
                0x00426630      0x7ce src/main.o
 *fill*         0x00426dfe        0x2 
 .rodata.calibri_36_0x5f
                0x00426e00       0x10 src/main.o
 .rodata.image_data_calibri_36_0x60
                0x00426e10      0x456 src/main.o
 *fill*         0x00427266        0x2 
 .rodata.calibri_36_0x60
                0x00427268       0x10 src/main.o
 .rodata.image_data_calibri_36_0x61
                0x00427278      0x75f src/main.o
 *fill*         0x004279d7        0x1 
 .rodata.calibri_36_0x61
                0x004279d8       0x10 src/main.o
 .rodata.image_data_calibri_36_0x62
                0x004279e8      0x83d src/main.o
 *fill*         0x00428225        0x3 
 .rodata.calibri_36_0x62
                0x00428228       0x10 src/main.o
 .rodata.image_data_calibri_36_0x63
                0x00428238      0x681 src/main.o
 *fill*         0x004288b9        0x3 
 .rodata.calibri_36_0x63
                0x004288bc       0x10 src/main.o
 .rodata.image_data_calibri_36_0x64
                0x004288cc      0x83d src/main.o
 *fill*         0x00429109        0x3 
 .rodata.calibri_36_0x64
                0x0042910c       0x10 src/main.o
 .rodata.image_data_calibri_36_0x65
                0x0042911c      0x7ce src/main.o
 *fill*         0x004298ea        0x2 
 .rodata.calibri_36_0x65
                0x004298ec       0x10 src/main.o
 .rodata.image_data_calibri_36_0x66
                0x004298fc      0x4c5 src/main.o
 *fill*         0x00429dc1        0x3 
 .rodata.calibri_36_0x66
                0x00429dc4       0x10 src/main.o
 .rodata.image_data_calibri_36_0x67
                0x00429dd4      0x75f src/main.o
 *fill*         0x0042a533        0x1 
 .rodata.calibri_36_0x67
                0x0042a534       0x10 src/main.o
 .rodata.image_data_calibri_36_0x68
                0x0042a544      0x83d src/main.o
 *fill*         0x0042ad81        0x3 
 .rodata.calibri_36_0x68
                0x0042ad84       0x10 src/main.o
 .rodata.image_data_calibri_36_0x69
                0x0042ad94      0x378 src/main.o
 .rodata.calibri_36_0x69
                0x0042b10c       0x10 src/main.o
 .rodata.image_data_calibri_36_0x6a
                0x0042b11c      0x3e7 src/main.o
 *fill*         0x0042b503        0x1 
 .rodata.calibri_36_0x6a
                0x0042b504       0x10 src/main.o
 .rodata.image_data_calibri_36_0x6b
                0x0042b514      0x6f0 src/main.o
 .rodata.calibri_36_0x6b
                0x0042bc04       0x10 src/main.o
 .rodata.image_data_calibri_36_0x6c
                0x0042bc14      0x378 src/main.o
 .rodata.calibri_36_0x6c
                0x0042bf8c       0x10 src/main.o
 .rodata.image_data_calibri_36_0x6d
                0x0042bf9c      0xc93 src/main.o
 *fill*         0x0042cc2f        0x1 
 .rodata.calibri_36_0x6d
                0x0042cc30       0x10 src/main.o
 .rodata.image_data_calibri_36_0x6e
                0x0042cc40      0x83d src/main.o
 *fill*         0x0042d47d        0x3 
 .rodata.calibri_36_0x6e
                0x0042d480       0x10 src/main.o
 .rodata.image_data_calibri_36_0x6f
                0x0042d490      0x83d src/main.o
 *fill*         0x0042dccd        0x3 
 .rodata.calibri_36_0x6f
                0x0042dcd0       0x10 src/main.o
 .rodata.image_data_calibri_36_0x70
                0x0042dce0      0x83d src/main.o
 *fill*         0x0042e51d        0x3 
 .rodata.calibri_36_0x70
                0x0042e520       0x10 src/main.o
 .rodata.image_data_calibri_36_0x71
                0x0042e530      0x83d src/main.o
 *fill*         0x0042ed6d        0x3 
 .rodata.calibri_36_0x71
                0x0042ed70       0x10 src/main.o
 .rodata.image_data_calibri_36_0x72
                0x0042ed80      0x5a3 src/main.o
 *fill*         0x0042f323        0x1 
 .rodata.calibri_36_0x72
                0x0042f324       0x10 src/main.o
 .rodata.image_data_calibri_36_0x73
                0x0042f334      0x612 src/main.o
 *fill*         0x0042f946        0x2 
 .rodata.calibri_36_0x73
                0x0042f948       0x10 src/main.o
 .rodata.image_data_calibri_36_0x74
                0x0042f958      0x534 src/main.o
 .rodata.calibri_36_0x74
                0x0042fe8c       0x10 src/main.o
 .rodata.image_data_calibri_36_0x75
                0x0042fe9c      0x83d src/main.o
 *fill*         0x004306d9        0x3 
 .rodata.calibri_36_0x75
                0x004306dc       0x10 src/main.o
 .rodata.image_data_calibri_36_0x76
                0x004306ec      0x6f0 src/main.o
 .rodata.calibri_36_0x76
                0x00430ddc       0x10 src/main.o
 .rodata.image_data_calibri_36_0x77
                0x00430dec      0xb46 src/main.o
 *fill*         0x00431932        0x2 
 .rodata.calibri_36_0x77
                0x00431934       0x10 src/main.o
 .rodata.image_data_calibri_36_0x78
                0x00431944      0x6f0 src/main.o
 .rodata.calibri_36_0x78
                0x00432034       0x10 src/main.o
 .rodata.image_data_calibri_36_0x79
                0x00432044      0x6f0 src/main.o
 .rodata.calibri_36_0x79
                0x00432734       0x10 src/main.o
 .rodata.image_data_calibri_36_0x7a
                0x00432744      0x612 src/main.o
 *fill*         0x00432d56        0x2 
 .rodata.calibri_36_0x7a
                0x00432d58       0x10 src/main.o
 .rodata.image_data_calibri_36_0x7b
                0x00432d68      0x4c5 src/main.o
 *fill*         0x0043322d        0x3 
 .rodata.calibri_36_0x7b
                0x00433230       0x10 src/main.o
 .rodata.image_data_calibri_36_0x7c
                0x00433240      0x75f src/main.o
 *fill*         0x0043399f        0x1 
 .rodata.calibri_36_0x7c
                0x004339a0       0x10 src/main.o
 .rodata.image_data_calibri_36_0x7d
                0x004339b0      0x4c5 src/main.o
 *fill*         0x00433e75        0x3 
 .rodata.calibri_36_0x7d
                0x00433e78       0x10 src/main.o
 .rodata.image_data_calibri_36_0x7e
                0x00433e88      0x7ce src/main.o
 *fill*         0x00434656        0x2 
 .rodata.calibri_36_0x7e
                0x00434658       0x10 src/main.o
 .rodata.calibri_36_array
                0x00434668      0x2f8 src/main.o
 .rodata.calibri_36
                0x00434960        0xc src/main.o
                0x00434960                calibri_36
 .rodata.image_data_arial_72_0x30
                0x0043496c     0x2760 src/main.o
 .rodata.arial_72_0x30
                0x004370cc       0x10 src/main.o
 .rodata.image_data_arial_72_0x31
                0x004370dc     0x2760 src/main.o
 .rodata.arial_72_0x31
                0x0043983c       0x10 src/main.o
 .rodata.image_data_arial_72_0x32
                0x0043984c     0x2760 src/main.o
 .rodata.arial_72_0x32
                0x0043bfac       0x10 src/main.o
 .rodata.image_data_arial_72_0x33
                0x0043bfbc     0x2760 src/main.o
 .rodata.arial_72_0x33
                0x0043e71c       0x10 src/main.o
 .rodata.image_data_arial_72_0x34
                0x0043e72c     0x2760 src/main.o
 .rodata.arial_72_0x34
                0x00440e8c       0x10 src/main.o
 .rodata.image_data_arial_72_0x35
                0x00440e9c     0x2760 src/main.o
 .rodata.arial_72_0x35
                0x004435fc       0x10 src/main.o
 .rodata.image_data_arial_72_0x36
                0x0044360c     0x2760 src/main.o
 .rodata.arial_72_0x36
                0x00445d6c       0x10 src/main.o
 .rodata.image_data_arial_72_0x37
                0x00445d7c     0x2760 src/main.o
 .rodata.arial_72_0x37
                0x004484dc       0x10 src/main.o
 .rodata.image_data_arial_72_0x38
                0x004484ec     0x2760 src/main.o
 .rodata.arial_72_0x38
                0x0044ac4c       0x10 src/main.o
 .rodata.image_data_arial_72_0x39
                0x0044ac5c     0x2760 src/main.o
 .rodata.arial_72_0x39
                0x0044d3bc       0x10 src/main.o
 .rodata.arial_72_array
                0x0044d3cc       0x50 src/main.o
 .rodata.arial_72
                0x0044d41c        0xc src/main.o
                0x0044d41c                arial_72
 .rodata        0x0044d428       0x36 src/main.o
 *fill*         0x0044d45e        0x2 
 .rodata._global_impure_ptr
                0x0044d460        0x4 c:/program files (x86)/atmel/studio/7.0/toolchain/arm/arm-gnu-toolchain/bin/../lib/gcc/arm-none-eabi/6.3.1/../../../../arm-none-eabi/lib/thumb/v7e-m\libc.a(lib_a-impure.o)
                0x0044d460                _global_impure_ptr
 .rodata._svfprintf_r.str1.4
                0x0044d464       0x42 c:/program files (x86)/atmel/studio/7.0/toolchain/arm/arm-gnu-toolchain/bin/../lib/gcc/arm-none-eabi/6.3.1/../../../../arm-none-eabi/lib/thumb/v7e-m\libc.a(lib_a-svfprintf.o)
 *fill*         0x0044d4a6        0x2 
 .rodata.blanks.7223
                0x0044d4a8       0x10 c:/program files (x86)/atmel/studio/7.0/toolchain/arm/arm-gnu-toolchain/bin/../lib/gcc/arm-none-eabi/6.3.1/../../../../arm-none-eabi/lib/thumb/v7e-m\libc.a(lib_a-svfprintf.o)
 .rodata.zeroes.7224
                0x0044d4b8       0x10 c:/program files (x86)/atmel/studio/7.0/toolchain/arm/arm-gnu-toolchain/bin/../lib/gcc/arm-none-eabi/6.3.1/../../../../arm-none-eabi/lib/thumb/v7e-m\libc.a(lib_a-svfprintf.o)
 .rodata._dtoa_r.str1.4
                0x0044d4c8       0x10 c:/program files (x86)/atmel/studio/7.0/toolchain/arm/arm-gnu-toolchain/bin/../lib/gcc/arm-none-eabi/6.3.1/../../../../arm-none-eabi/lib/thumb/v7e-m\libc.a(lib_a-dtoa.o)
                                 0x12 (size before relaxing)
 .rodata.__mprec_bigtens
                0x0044d4d8       0x28 c:/program files (x86)/atmel/studio/7.0/toolchain/arm/arm-gnu-toolchain/bin/../lib/gcc/arm-none-eabi/6.3.1/../../../../arm-none-eabi/lib/thumb/v7e-m\libc.a(lib_a-mprec.o)
                0x0044d4d8                __mprec_bigtens
 .rodata.__mprec_tens
                0x0044d500       0xc8 c:/program files (x86)/atmel/studio/7.0/toolchain/arm/arm-gnu-toolchain/bin/../lib/gcc/arm-none-eabi/6.3.1/../../../../arm-none-eabi/lib/thumb/v7e-m\libc.a(lib_a-mprec.o)
                0x0044d500                __mprec_tens
 .rodata.p05.6055
                0x0044d5c8        0xc c:/program files (x86)/atmel/studio/7.0/toolchain/arm/arm-gnu-toolchain/bin/../lib/gcc/arm-none-eabi/6.3.1/../../../../arm-none-eabi/lib/thumb/v7e-m\libc.a(lib_a-mprec.o)
 .rodata._setlocale_r.str1.4
                0x0044d5d4        0xa c:/program files (x86)/atmel/studio/7.0/toolchain/arm/arm-gnu-toolchain/bin/../lib/gcc/arm-none-eabi/6.3.1/../../../../arm-none-eabi/lib/thumb/v7e-m\libc.a(lib_a-locale.o)
                                  0xd (size before relaxing)
 *fill*         0x0044d5de        0x2 
 .rodata.str1.4
                0x0044d5e0        0x4 c:/program files (x86)/atmel/studio/7.0/toolchain/arm/arm-gnu-toolchain/bin/../lib/gcc/arm-none-eabi/6.3.1/../../../../arm-none-eabi/lib/thumb/v7e-m\libc.a(lib_a-locale.o)
                                  0x2 (size before relaxing)
 .rodata._ctype_
                0x0044d5e4      0x101 c:/program files (x86)/atmel/studio/7.0/toolchain/arm/arm-gnu-toolchain/bin/../lib/gcc/arm-none-eabi/6.3.1/../../../../arm-none-eabi/lib/thumb/v7e-m\libc.a(lib_a-ctype_.o)
                0x0044d5e4                _ctype_
 *(.ARM.extab* .gnu.linkonce.armextab.*)
                0x0044d6e8                . = ALIGN (0x4)
 *fill*         0x0044d6e5        0x3 
 *(.init)
 .init          0x0044d6e8        0x4 c:/program files (x86)/atmel/studio/7.0/toolchain/arm/arm-gnu-toolchain/bin/../lib/gcc/arm-none-eabi/6.3.1/thumb/v7e-m/crti.o
                0x0044d6e8                _init
 .init          0x0044d6ec        0x8 c:/program files (x86)/atmel/studio/7.0/toolchain/arm/arm-gnu-toolchain/bin/../lib/gcc/arm-none-eabi/6.3.1/thumb/v7e-m/crtn.o
                0x0044d6f4                . = ALIGN (0x4)
                0x0044d6f4                __preinit_array_start = .
 *(.preinit_array)
                0x0044d6f4                __preinit_array_end = .
                0x0044d6f4                . = ALIGN (0x4)
                0x0044d6f4                __init_array_start = .
 *(SORT(.init_array.*))
 .init_array.00000
                0x0044d6f4        0x4 c:/program files (x86)/atmel/studio/7.0/toolchain/arm/arm-gnu-toolchain/bin/../lib/gcc/arm-none-eabi/6.3.1/../../../../arm-none-eabi/lib/thumb/v7e-m\libc.a(lib_a-__call_atexit.o)
 *(.init_array)
 .init_array    0x0044d6f8        0x4 c:/program files (x86)/atmel/studio/7.0/toolchain/arm/arm-gnu-toolchain/bin/../lib/gcc/arm-none-eabi/6.3.1/thumb/v7e-m/crtbegin.o
                0x0044d6fc                __init_array_end = .
                0x0044d6fc                . = ALIGN (0x4)
 *crtbegin.o(.ctors)
 *(EXCLUDE_FILE(*crtend.o) .ctors)
 *(SORT(.ctors.*))
 *crtend.o(.ctors)
                0x0044d6fc                . = ALIGN (0x4)
 *(.fini)
 .fini          0x0044d6fc        0x4 c:/program files (x86)/atmel/studio/7.0/toolchain/arm/arm-gnu-toolchain/bin/../lib/gcc/arm-none-eabi/6.3.1/thumb/v7e-m/crti.o
                0x0044d6fc                _fini
 .fini          0x0044d700        0x8 c:/program files (x86)/atmel/studio/7.0/toolchain/arm/arm-gnu-toolchain/bin/../lib/gcc/arm-none-eabi/6.3.1/thumb/v7e-m/crtn.o
                0x0044d708                . = ALIGN (0x4)
                0x0044d708                __fini_array_start = .
 *(.fini_array)
 .fini_array    0x0044d708        0x4 c:/program files (x86)/atmel/studio/7.0/toolchain/arm/arm-gnu-toolchain/bin/../lib/gcc/arm-none-eabi/6.3.1/thumb/v7e-m/crtbegin.o
 *(SORT(.fini_array.*))
                0x0044d70c                __fini_array_end = .
 *crtbegin.o(.dtors)
 *(EXCLUDE_FILE(*crtend.o) .dtors)
 *(SORT(.dtors.*))
 *crtend.o(.dtors)
                0x0044d70c                . = ALIGN (0x4)
                0x0044d70c                _efixed = .
                [!provide]                PROVIDE (__exidx_start, .)

.vfp11_veneer   0x0044d70c        0x0
 .vfp11_veneer  0x0044d70c        0x0 linker stubs

.v4_bx          0x0044d70c        0x0
 .v4_bx         0x0044d70c        0x0 linker stubs

.iplt           0x0044d70c        0x0
 .iplt          0x0044d70c        0x0 c:/program files (x86)/atmel/studio/7.0/toolchain/arm/arm-gnu-toolchain/bin/../lib/gcc/arm-none-eabi/6.3.1/thumb/v7e-m/crtbegin.o

.ARM.exidx      0x0044d70c        0x8
 *(.ARM.exidx* .gnu.linkonce.armexidx.*)
 .ARM.exidx     0x0044d70c        0x8 c:/program files (x86)/atmel/studio/7.0/toolchain/arm/arm-gnu-toolchain/bin/../lib/gcc/arm-none-eabi/6.3.1/thumb/v7e-m\libgcc.a(_udivmoddi4.o)
                [!provide]                PROVIDE (__exidx_end, .)

.eh_frame       0x0044d714        0x0
 .eh_frame      0x0044d714        0x0 c:/program files (x86)/atmel/studio/7.0/toolchain/arm/arm-gnu-toolchain/bin/../lib/gcc/arm-none-eabi/6.3.1/thumb/v7e-m/crtbegin.o

.rel.dyn        0x0044d714        0x0
 .rel.iplt      0x0044d714        0x0 c:/program files (x86)/atmel/studio/7.0/toolchain/arm/arm-gnu-toolchain/bin/../lib/gcc/arm-none-eabi/6.3.1/thumb/v7e-m/crtbegin.o

.jcr            0x0044d714        0x0
 .jcr           0x0044d714        0x0 c:/program files (x86)/atmel/studio/7.0/toolchain/arm/arm-gnu-toolchain/bin/../lib/gcc/arm-none-eabi/6.3.1/thumb/v7e-m/crtbegin.o

.igot.plt       0x0044d714        0x0
 .igot.plt      0x0044d714        0x0 c:/program files (x86)/atmel/studio/7.0/toolchain/arm/arm-gnu-toolchain/bin/../lib/gcc/arm-none-eabi/6.3.1/thumb/v7e-m/crtbegin.o
                0x0044d714                . = ALIGN (0x4)
                0x0044d714                _etext = .

.relocate       0x20400000      0x9c0 load address 0x0044d714
                0x20400000                . = ALIGN (0x4)
                0x20400000                _srelocate = .
 *(.ramfunc .ramfunc.*)
 *(.data .data.*)
 .data.bike_radius
                0x20400000        0x4 src/main.o
                0x20400000                bike_radius
 .data.PI       0x20400004        0x4 src/main.o
                0x20400004                PI
 .data.g_interrupt_enabled
                0x20400008        0x1 src/ASF/common/utils/interrupt/interrupt_sam_nvic.o
                0x20400008                g_interrupt_enabled
 *fill*         0x20400009        0x3 
 .data.ul_flash_in_wait_mode
                0x2040000c        0x4 src/ASF/sam/drivers/pmc/pmc.o
 .data.SystemCoreClock
                0x20400010        0x4 src/ASF/sam/utils/cmsis/same70/source/templates/system_same70.o
                0x20400010                SystemCoreClock
 .data._impure_ptr
                0x20400014        0x4 c:/program files (x86)/atmel/studio/7.0/toolchain/arm/arm-gnu-toolchain/bin/../lib/gcc/arm-none-eabi/6.3.1/../../../../arm-none-eabi/lib/thumb/v7e-m\libc.a(lib_a-impure.o)
                0x20400014                _impure_ptr
 .data.impure_data
                0x20400018      0x428 c:/program files (x86)/atmel/studio/7.0/toolchain/arm/arm-gnu-toolchain/bin/../lib/gcc/arm-none-eabi/6.3.1/../../../../arm-none-eabi/lib/thumb/v7e-m\libc.a(lib_a-impure.o)
 .data.__atexit_recursive_mutex
                0x20400440        0x4 c:/program files (x86)/atmel/studio/7.0/toolchain/arm/arm-gnu-toolchain/bin/../lib/gcc/arm-none-eabi/6.3.1/../../../../arm-none-eabi/lib/thumb/v7e-m\libc.a(lib_a-__call_atexit.o)
                0x20400440                __atexit_recursive_mutex
 .data.__malloc_av_
                0x20400444      0x408 c:/program files (x86)/atmel/studio/7.0/toolchain/arm/arm-gnu-toolchain/bin/../lib/gcc/arm-none-eabi/6.3.1/../../../../arm-none-eabi/lib/thumb/v7e-m\libc.a(lib_a-mallocr.o)
                0x20400444                __malloc_av_
 .data.__malloc_sbrk_base
                0x2040084c        0x4 c:/program files (x86)/atmel/studio/7.0/toolchain/arm/arm-gnu-toolchain/bin/../lib/gcc/arm-none-eabi/6.3.1/../../../../arm-none-eabi/lib/thumb/v7e-m\libc.a(lib_a-mallocr.o)
                0x2040084c                __malloc_sbrk_base
 .data.__malloc_trim_threshold
                0x20400850        0x4 c:/program files (x86)/atmel/studio/7.0/toolchain/arm/arm-gnu-toolchain/bin/../lib/gcc/arm-none-eabi/6.3.1/../../../../arm-none-eabi/lib/thumb/v7e-m\libc.a(lib_a-mallocr.o)
                0x20400850                __malloc_trim_threshold
 .data.__global_locale
                0x20400854      0x16c c:/program files (x86)/atmel/studio/7.0/toolchain/arm/arm-gnu-toolchain/bin/../lib/gcc/arm-none-eabi/6.3.1/../../../../arm-none-eabi/lib/thumb/v7e-m\libc.a(lib_a-locale.o)
                0x20400854                __global_locale
                0x204009c0                . = ALIGN (0x4)
                0x204009c0                _erelocate = .

.bss            0x204009c0      0x580 load address 0x0044e0d4
                0x204009c0                . = ALIGN (0x4)
                0x204009c0                _sbss = .
                0x204009c0                _szero = .
 *(.bss .bss.*)
 .bss           0x204009c0       0x1c c:/program files (x86)/atmel/studio/7.0/toolchain/arm/arm-gnu-toolchain/bin/../lib/gcc/arm-none-eabi/6.3.1/thumb/v7e-m/crtbegin.o
 .bss.g_wobits_in_rtt_mr
                0x204009dc        0x4 src/ASF/sam/drivers/rtt/rtt.o
 .bss.f_rtt_alarme
                0x204009e0        0x1 src/main.o
                0x204009e0                f_rtt_alarme
 *fill*         0x204009e1        0x3 
 .bss.pulsos    0x204009e4        0x4 src/main.o
                0x204009e4                pulsos
 .bss.delta_pulsos
                0x204009e8        0x4 src/main.o
                0x204009e8                delta_pulsos
 .bss.g_ul_pixel_cache
                0x204009ec      0x3c0 src/ASF/sam/components/display/ili9488/ili9488.o
 .bss.gs_interrupt_sources
                0x20400dac       0x70 src/ASF/sam/drivers/pio/pio_handler.o
 .bss.gs_ul_nb_sources
                0x20400e1c        0x4 src/ASF/sam/drivers/pio/pio_handler.o
 .bss.b_is_sleep_clock_used
                0x20400e20        0x1 src/ASF/sam/drivers/pmc/sleep.o
 *fill*         0x20400e21        0x3 
 .bss.callback_clocks_restored
                0x20400e24        0x4 src/ASF/sam/drivers/pmc/sleep.o
 .bss.heap.6420
                0x20400e28        0x4 src/ASF/sam/utils/syscalls/gcc/syscalls.o
 .bss.__malloc_current_mallinfo
                0x20400e2c       0x28 c:/program files (x86)/atmel/studio/7.0/toolchain/arm/arm-gnu-toolchain/bin/../lib/gcc/arm-none-eabi/6.3.1/../../../../arm-none-eabi/lib/thumb/v7e-m\libc.a(lib_a-mallocr.o)
                0x20400e2c                __malloc_current_mallinfo
 .bss.__malloc_max_sbrked_mem
                0x20400e54        0x4 c:/program files (x86)/atmel/studio/7.0/toolchain/arm/arm-gnu-toolchain/bin/../lib/gcc/arm-none-eabi/6.3.1/../../../../arm-none-eabi/lib/thumb/v7e-m\libc.a(lib_a-mallocr.o)
                0x20400e54                __malloc_max_sbrked_mem
 .bss.__malloc_max_total_mem
                0x20400e58        0x4 c:/program files (x86)/atmel/studio/7.0/toolchain/arm/arm-gnu-toolchain/bin/../lib/gcc/arm-none-eabi/6.3.1/../../../../arm-none-eabi/lib/thumb/v7e-m\libc.a(lib_a-mallocr.o)
                0x20400e58                __malloc_max_total_mem
 .bss.__malloc_top_pad
                0x20400e5c        0x4 c:/program files (x86)/atmel/studio/7.0/toolchain/arm/arm-gnu-toolchain/bin/../lib/gcc/arm-none-eabi/6.3.1/../../../../arm-none-eabi/lib/thumb/v7e-m\libc.a(lib_a-mallocr.o)
                0x20400e5c                __malloc_top_pad
 *(COMMON)
 COMMON         0x20400e60       0xb8 src/main.o
                0x20400e60                string_minutos
                0x20400e80                velocidade
                0x20400e84                string_horas
                0x20400ea4                string_segundos
                0x20400ec4                string_distancia
                0x20400ee4                g_ili9488_display_opt
                0x20400ef4                string_velocidade
                0x20400f14                distancia
 COMMON         0x20400f18       0x21 c:/program files (x86)/atmel/studio/7.0/toolchain/arm/arm-gnu-toolchain/bin/../lib/gcc/arm-none-eabi/6.3.1/../../../../arm-none-eabi/lib/thumb/v7e-m\libc.a(lib_a-lock.o)
                0x20400f18                __lock___atexit_recursive_mutex
                0x20400f1c                __lock___arc4random_mutex
                0x20400f20                __lock___env_recursive_mutex
                0x20400f24                __lock___sinit_recursive_mutex
                0x20400f28                __lock___malloc_recursive_mutex
                0x20400f2c                __lock___at_quick_exit_mutex
                0x20400f30                __lock___dd_hash_mutex
                0x20400f34                __lock___tz_mutex
                0x20400f38                __lock___sfp_recursive_mutex
 *fill*         0x20400f39        0x3 
 COMMON         0x20400f3c        0x4 c:/program files (x86)/atmel/studio/7.0/toolchain/arm/arm-gnu-toolchain/bin/../lib/gcc/arm-none-eabi/6.3.1/../../../../arm-none-eabi/lib/thumb/v7e-m\libc.a(lib_a-reent.o)
                0x20400f3c                errno
                0x20400f40                . = ALIGN (0x4)
                0x20400f40                _ebss = .
                0x20400f40                _ezero = .

.stack          0x20400f40     0x2000 load address 0x0044e654
                0x20400f40                . = ALIGN (0x8)
                0x20400f40                _sstack = .
                0x20402f40                . = (. + STACK_SIZE)
 *fill*         0x20400f40     0x2000 
                0x20402f40                . = ALIGN (0x8)
                0x20402f40                _estack = .

.heap           0x20402f40      0x200 load address 0x00450654
                0x20402f40                . = ALIGN (0x8)
                0x20402f40                _sheap = .
                0x20403140                . = (. + HEAP_SIZE)
 *fill*         0x20402f40      0x200 
                0x20403140                . = ALIGN (0x8)
                0x20403140                _eheap = .
                0x20403140                . = ALIGN (0x4)
                0x20403140                _end = .
                0x2045ffff                _ram_end_ = ((ORIGIN (ram) + LENGTH (ram)) - 0x1)
OUTPUT(SAME70_FONTS.elf elf32-littlearm)

.ARM.attributes
                0x00000000       0x2e
 .ARM.attributes
                0x00000000       0x1e c:/program files (x86)/atmel/studio/7.0/toolchain/arm/arm-gnu-toolchain/bin/../lib/gcc/arm-none-eabi/6.3.1/thumb/v7e-m/crti.o
 .ARM.attributes
                0x0000001e       0x2e c:/program files (x86)/atmel/studio/7.0/toolchain/arm/arm-gnu-toolchain/bin/../lib/gcc/arm-none-eabi/6.3.1/thumb/v7e-m/crtbegin.o
 .ARM.attributes
                0x0000004c       0x37 src/ASF/sam/drivers/rtc/rtc.o
 .ARM.attributes
                0x00000083       0x37 src/ASF/sam/drivers/rtt/rtt.o
 .ARM.attributes
                0x000000ba       0x37 src/main.o
 .ARM.attributes
                0x000000f1       0x37 src/ASF/common/services/spi/sam_spi/spi_master.o
 .ARM.attributes
                0x00000128       0x37 src/ASF/sam/components/display/ili9488/ili9488.o
 .ARM.attributes
                0x0000015f       0x37 src/ASF/sam/drivers/spi/spi.o
 .ARM.attributes
                0x00000196       0x37 src/ASF/common/services/clock/same70/sysclk.o
 .ARM.attributes
                0x000001cd       0x37 src/ASF/common/utils/interrupt/interrupt_sam_nvic.o
 .ARM.attributes
                0x00000204       0x37 src/ASF/sam/boards/same70_xplained/init.o
 .ARM.attributes
                0x0000023b       0x37 src/ASF/sam/drivers/pio/pio.o
 .ARM.attributes
                0x00000272       0x37 src/ASF/sam/drivers/pio/pio_handler.o
 .ARM.attributes
                0x000002a9       0x37 src/ASF/sam/drivers/pmc/pmc.o
 .ARM.attributes
                0x000002e0       0x37 src/ASF/sam/drivers/pmc/sleep.o
 .ARM.attributes
                0x00000317       0x37 src/ASF/sam/utils/cmsis/same70/source/templates/gcc/startup_same70.o
 .ARM.attributes
                0x0000034e       0x37 src/ASF/sam/utils/cmsis/same70/source/templates/system_same70.o
 .ARM.attributes
                0x00000385       0x37 src/ASF/sam/utils/syscalls/gcc/syscalls.o
 .ARM.attributes
                0x000003bc       0x2e c:/program files (x86)/atmel/studio/7.0/toolchain/arm/arm-gnu-toolchain/bin/../lib/gcc/arm-none-eabi/6.3.1/../../../../arm-none-eabi/lib/thumb/v7e-m\libc.a(lib_a-impure.o)
 .ARM.attributes
                0x000003ea       0x2e c:/program files (x86)/atmel/studio/7.0/toolchain/arm/arm-gnu-toolchain/bin/../lib/gcc/arm-none-eabi/6.3.1/../../../../arm-none-eabi/lib/thumb/v7e-m\libc.a(lib_a-init.o)
 .ARM.attributes
                0x00000418       0x2e c:/program files (x86)/atmel/studio/7.0/toolchain/arm/arm-gnu-toolchain/bin/../lib/gcc/arm-none-eabi/6.3.1/../../../../arm-none-eabi/lib/thumb/v7e-m\libc.a(lib_a-memset.o)
 .ARM.attributes
                0x00000446       0x2e c:/program files (x86)/atmel/studio/7.0/toolchain/arm/arm-gnu-toolchain/bin/../lib/gcc/arm-none-eabi/6.3.1/../../../../arm-none-eabi/lib/thumb/v7e-m\libc.a(lib_a-sprintf.o)
 .ARM.attributes
                0x00000474       0x2e c:/program files (x86)/atmel/studio/7.0/toolchain/arm/arm-gnu-toolchain/bin/../lib/gcc/arm-none-eabi/6.3.1/../../../../arm-none-eabi/lib/thumb/v7e-m\libc.a(lib_a-svfprintf.o)
 .ARM.attributes
                0x000004a2       0x2e c:/program files (x86)/atmel/studio/7.0/toolchain/arm/arm-gnu-toolchain/bin/../lib/gcc/arm-none-eabi/6.3.1/../../../../arm-none-eabi/lib/thumb/v7e-m\libc.a(lib_a-__call_atexit.o)
 .ARM.attributes
                0x000004d0       0x2e c:/program files (x86)/atmel/studio/7.0/toolchain/arm/arm-gnu-toolchain/bin/../lib/gcc/arm-none-eabi/6.3.1/../../../../arm-none-eabi/lib/thumb/v7e-m\libc.a(lib_a-atexit.o)
 .ARM.attributes
                0x000004fe       0x2e c:/program files (x86)/atmel/studio/7.0/toolchain/arm/arm-gnu-toolchain/bin/../lib/gcc/arm-none-eabi/6.3.1/../../../../arm-none-eabi/lib/thumb/v7e-m\libc.a(lib_a-dtoa.o)
 .ARM.attributes
                0x0000052c       0x2e c:/program files (x86)/atmel/studio/7.0/toolchain/arm/arm-gnu-toolchain/bin/../lib/gcc/arm-none-eabi/6.3.1/../../../../arm-none-eabi/lib/thumb/v7e-m\libc.a(lib_a-fini.o)
 .ARM.attributes
                0x0000055a       0x2e c:/program files (x86)/atmel/studio/7.0/toolchain/arm/arm-gnu-toolchain/bin/../lib/gcc/arm-none-eabi/6.3.1/../../../../arm-none-eabi/lib/thumb/v7e-m\libc.a(lib_a-localeconv.o)
 .ARM.attributes
                0x00000588       0x2e c:/program files (x86)/atmel/studio/7.0/toolchain/arm/arm-gnu-toolchain/bin/../lib/gcc/arm-none-eabi/6.3.1/../../../../arm-none-eabi/lib/thumb/v7e-m\libc.a(lib_a-lock.o)
 .ARM.attributes
                0x000005b6       0x2e c:/program files (x86)/atmel/studio/7.0/toolchain/arm/arm-gnu-toolchain/bin/../lib/gcc/arm-none-eabi/6.3.1/../../../../arm-none-eabi/lib/thumb/v7e-m\libc.a(lib_a-mallocr.o)
 .ARM.attributes
                0x000005e4       0x1c c:/program files (x86)/atmel/studio/7.0/toolchain/arm/arm-gnu-toolchain/bin/../lib/gcc/arm-none-eabi/6.3.1/../../../../arm-none-eabi/lib/thumb/v7e-m\libc.a(lib_a-memchr.o)
 .ARM.attributes
                0x00000600       0x1c c:/program files (x86)/atmel/studio/7.0/toolchain/arm/arm-gnu-toolchain/bin/../lib/gcc/arm-none-eabi/6.3.1/../../../../arm-none-eabi/lib/thumb/v7e-m\libc.a(lib_a-memcpy.o)
 .ARM.attributes
                0x0000061c       0x2e c:/program files (x86)/atmel/studio/7.0/toolchain/arm/arm-gnu-toolchain/bin/../lib/gcc/arm-none-eabi/6.3.1/../../../../arm-none-eabi/lib/thumb/v7e-m\libc.a(lib_a-mlock.o)
 .ARM.attributes
                0x0000064a       0x2e c:/program files (x86)/atmel/studio/7.0/toolchain/arm/arm-gnu-toolchain/bin/../lib/gcc/arm-none-eabi/6.3.1/../../../../arm-none-eabi/lib/thumb/v7e-m\libc.a(lib_a-mprec.o)
 .ARM.attributes
                0x00000678       0x2e c:/program files (x86)/atmel/studio/7.0/toolchain/arm/arm-gnu-toolchain/bin/../lib/gcc/arm-none-eabi/6.3.1/../../../../arm-none-eabi/lib/thumb/v7e-m\libc.a(lib_a-sbrkr.o)
 .ARM.attributes
                0x000006a6       0x1c c:/program files (x86)/atmel/studio/7.0/toolchain/arm/arm-gnu-toolchain/bin/../lib/gcc/arm-none-eabi/6.3.1/../../../../arm-none-eabi/lib/thumb/v7e-m\libc.a(lib_a-strlen.o)
 .ARM.attributes
                0x000006c2       0x2e c:/program files (x86)/atmel/studio/7.0/toolchain/arm/arm-gnu-toolchain/bin/../lib/gcc/arm-none-eabi/6.3.1/../../../../arm-none-eabi/lib/thumb/v7e-m\libc.a(lib_a-svfiprintf.o)
 .ARM.attributes
                0x000006f0       0x2e c:/program files (x86)/atmel/studio/7.0/toolchain/arm/arm-gnu-toolchain/bin/../lib/gcc/arm-none-eabi/6.3.1/../../../../arm-none-eabi/lib/thumb/v7e-m\libc.a(lib_a-__atexit.o)
 .ARM.attributes
                0x0000071e       0x2e c:/program files (x86)/atmel/studio/7.0/toolchain/arm/arm-gnu-toolchain/bin/../lib/gcc/arm-none-eabi/6.3.1/../../../../arm-none-eabi/lib/thumb/v7e-m\libc.a(lib_a-callocr.o)
 .ARM.attributes
                0x0000074c       0x2e c:/program files (x86)/atmel/studio/7.0/toolchain/arm/arm-gnu-toolchain/bin/../lib/gcc/arm-none-eabi/6.3.1/../../../../arm-none-eabi/lib/thumb/v7e-m\libc.a(lib_a-freer.o)
 .ARM.attributes
                0x0000077a       0x2e c:/program files (x86)/atmel/studio/7.0/toolchain/arm/arm-gnu-toolchain/bin/../lib/gcc/arm-none-eabi/6.3.1/../../../../arm-none-eabi/lib/thumb/v7e-m\libc.a(lib_a-locale.o)
 .ARM.attributes
                0x000007a8       0x2e c:/program files (x86)/atmel/studio/7.0/toolchain/arm/arm-gnu-toolchain/bin/../lib/gcc/arm-none-eabi/6.3.1/../../../../arm-none-eabi/lib/thumb/v7e-m\libc.a(lib_a-mbtowc_r.o)
 .ARM.attributes
                0x000007d6       0x2e c:/program files (x86)/atmel/studio/7.0/toolchain/arm/arm-gnu-toolchain/bin/../lib/gcc/arm-none-eabi/6.3.1/../../../../arm-none-eabi/lib/thumb/v7e-m\libc.a(lib_a-memmove.o)
 .ARM.attributes
                0x00000804       0x2e c:/program files (x86)/atmel/studio/7.0/toolchain/arm/arm-gnu-toolchain/bin/../lib/gcc/arm-none-eabi/6.3.1/../../../../arm-none-eabi/lib/thumb/v7e-m\libc.a(lib_a-reallocr.o)
 .ARM.attributes
                0x00000832       0x2e c:/program files (x86)/atmel/studio/7.0/toolchain/arm/arm-gnu-toolchain/bin/../lib/gcc/arm-none-eabi/6.3.1/../../../../arm-none-eabi/lib/thumb/v7e-m\libc.a(lib_a-reent.o)
 .ARM.attributes
                0x00000860       0x2e c:/program files (x86)/atmel/studio/7.0/toolchain/arm/arm-gnu-toolchain/bin/../lib/gcc/arm-none-eabi/6.3.1/../../../../arm-none-eabi/lib/thumb/v7e-m\libc.a(lib_a-wctomb_r.o)
 .ARM.attributes
                0x0000088e       0x2e c:/program files (x86)/atmel/studio/7.0/toolchain/arm/arm-gnu-toolchain/bin/../lib/gcc/arm-none-eabi/6.3.1/../../../../arm-none-eabi/lib/thumb/v7e-m\libc.a(lib_a-ctype_.o)
 .ARM.attributes
                0x000008bc       0x1e c:/program files (x86)/atmel/studio/7.0/toolchain/arm/arm-gnu-toolchain/bin/../lib/gcc/arm-none-eabi/6.3.1/thumb/v7e-m\libgcc.a(_arm_addsubdf3.o)
 .ARM.attributes
                0x000008da       0x1e c:/program files (x86)/atmel/studio/7.0/toolchain/arm/arm-gnu-toolchain/bin/../lib/gcc/arm-none-eabi/6.3.1/thumb/v7e-m\libgcc.a(_arm_muldivdf3.o)
 .ARM.attributes
                0x000008f8       0x1e c:/program files (x86)/atmel/studio/7.0/toolchain/arm/arm-gnu-toolchain/bin/../lib/gcc/arm-none-eabi/6.3.1/thumb/v7e-m\libgcc.a(_arm_cmpdf2.o)
 .ARM.attributes
                0x00000916       0x1e c:/program files (x86)/atmel/studio/7.0/toolchain/arm/arm-gnu-toolchain/bin/../lib/gcc/arm-none-eabi/6.3.1/thumb/v7e-m\libgcc.a(_arm_unorddf2.o)
 .ARM.attributes
                0x00000934       0x1e c:/program files (x86)/atmel/studio/7.0/toolchain/arm/arm-gnu-toolchain/bin/../lib/gcc/arm-none-eabi/6.3.1/thumb/v7e-m\libgcc.a(_arm_fixdfsi.o)
 .ARM.attributes
                0x00000952       0x1e c:/program files (x86)/atmel/studio/7.0/toolchain/arm/arm-gnu-toolchain/bin/../lib/gcc/arm-none-eabi/6.3.1/thumb/v7e-m\libgcc.a(_aeabi_uldivmod.o)
 .ARM.attributes
                0x00000970       0x2e c:/program files (x86)/atmel/studio/7.0/toolchain/arm/arm-gnu-toolchain/bin/../lib/gcc/arm-none-eabi/6.3.1/thumb/v7e-m\libgcc.a(_udivmoddi4.o)
 .ARM.attributes
                0x0000099e       0x1e c:/program files (x86)/atmel/studio/7.0/toolchain/arm/arm-gnu-toolchain/bin/../lib/gcc/arm-none-eabi/6.3.1/thumb/v7e-m\libgcc.a(_dvmd_tls.o)
 .ARM.attributes
                0x000009bc       0x1e c:/program files (x86)/atmel/studio/7.0/toolchain/arm/arm-gnu-toolchain/bin/../lib/gcc/arm-none-eabi/6.3.1/thumb/v7e-m/crtn.o

.comment        0x00000000       0x59
 .comment       0x00000000       0x59 src/ASF/sam/drivers/rtc/rtc.o
                                 0x5a (size before relaxing)
 .comment       0x00000059       0x5a src/ASF/sam/drivers/rtt/rtt.o
 .comment       0x00000059       0x5a src/main.o
 .comment       0x00000059       0x5a src/ASF/common/services/spi/sam_spi/spi_master.o
 .comment       0x00000059       0x5a src/ASF/sam/components/display/ili9488/ili9488.o
 .comment       0x00000059       0x5a src/ASF/sam/drivers/spi/spi.o
 .comment       0x00000059       0x5a src/ASF/common/services/clock/same70/sysclk.o
 .comment       0x00000059       0x5a src/ASF/common/utils/interrupt/interrupt_sam_nvic.o
 .comment       0x00000059       0x5a src/ASF/sam/boards/same70_xplained/init.o
 .comment       0x00000059       0x5a src/ASF/sam/drivers/pio/pio.o
 .comment       0x00000059       0x5a src/ASF/sam/drivers/pio/pio_handler.o
 .comment       0x00000059       0x5a src/ASF/sam/drivers/pmc/pmc.o
 .comment       0x00000059       0x5a src/ASF/sam/drivers/pmc/sleep.o
 .comment       0x00000059       0x5a src/ASF/sam/utils/cmsis/same70/source/templates/gcc/startup_same70.o
 .comment       0x00000059       0x5a src/ASF/sam/utils/cmsis/same70/source/templates/system_same70.o
 .comment       0x00000059       0x5a src/ASF/sam/utils/syscalls/gcc/syscalls.o

.debug_info     0x00000000    0x16c34
 .debug_info    0x00000000     0x1158 src/ASF/sam/drivers/rtc/rtc.o
 .debug_info    0x00001158      0xcaf src/ASF/sam/drivers/rtt/rtt.o
 .debug_info    0x00001e07     0x35d7 src/main.o
 .debug_info    0x000053de     0x143e src/ASF/common/services/spi/sam_spi/spi_master.o
 .debug_info    0x0000681c     0x208c src/ASF/sam/components/display/ili9488/ili9488.o
 .debug_info    0x000088a8     0x1123 src/ASF/sam/drivers/spi/spi.o
 .debug_info    0x000099cb     0x1311 src/ASF/common/services/clock/same70/sysclk.o
 .debug_info    0x0000acdc      0xb06 src/ASF/common/utils/interrupt/interrupt_sam_nvic.o
 .debug_info    0x0000b7e2     0x1dad src/ASF/sam/boards/same70_xplained/init.o
 .debug_info    0x0000d58f     0x1ce3 src/ASF/sam/drivers/pio/pio.o
 .debug_info    0x0000f272     0x1a74 src/ASF/sam/drivers/pio/pio_handler.o
 .debug_info    0x00010ce6     0x1eed src/ASF/sam/drivers/pmc/pmc.o
 .debug_info    0x00012bd3     0x16bf src/ASF/sam/drivers/pmc/sleep.o
 .debug_info    0x00014292     0x1612 src/ASF/sam/utils/cmsis/same70/source/templates/gcc/startup_same70.o
 .debug_info    0x000158a4      0x5d4 src/ASF/sam/utils/cmsis/same70/source/templates/system_same70.o
 .debug_info    0x00015e78      0xdbc src/ASF/sam/utils/syscalls/gcc/syscalls.o

.debug_abbrev   0x00000000     0x2a6a
 .debug_abbrev  0x00000000      0x257 src/ASF/sam/drivers/rtc/rtc.o
 .debug_abbrev  0x00000257      0x203 src/ASF/sam/drivers/rtt/rtt.o
 .debug_abbrev  0x0000045a      0x38a src/main.o
 .debug_abbrev  0x000007e4      0x305 src/ASF/common/services/spi/sam_spi/spi_master.o
 .debug_abbrev  0x00000ae9      0x2f4 src/ASF/sam/components/display/ili9488/ili9488.o
 .debug_abbrev  0x00000ddd      0x2cf src/ASF/sam/drivers/spi/spi.o
 .debug_abbrev  0x000010ac      0x296 src/ASF/common/services/clock/same70/sysclk.o
 .debug_abbrev  0x00001342      0x214 src/ASF/common/utils/interrupt/interrupt_sam_nvic.o
 .debug_abbrev  0x00001556      0x3f4 src/ASF/sam/boards/same70_xplained/init.o
 .debug_abbrev  0x0000194a      0x296 src/ASF/sam/drivers/pio/pio.o
 .debug_abbrev  0x00001be0      0x2c9 src/ASF/sam/drivers/pio/pio_handler.o
 .debug_abbrev  0x00001ea9      0x2ce src/ASF/sam/drivers/pmc/pmc.o
 .debug_abbrev  0x00002177      0x2df src/ASF/sam/drivers/pmc/sleep.o
 .debug_abbrev  0x00002456      0x2e8 src/ASF/sam/utils/cmsis/same70/source/templates/gcc/startup_same70.o
 .debug_abbrev  0x0000273e      0x102 src/ASF/sam/utils/cmsis/same70/source/templates/system_same70.o
 .debug_abbrev  0x00002840      0x22a src/ASF/sam/utils/syscalls/gcc/syscalls.o

.debug_loc      0x00000000     0x64d2
 .debug_loc     0x00000000      0x730 src/ASF/sam/drivers/rtc/rtc.o
 .debug_loc     0x00000730      0x330 src/ASF/sam/drivers/rtt/rtt.o
 .debug_loc     0x00000a60      0x43c src/main.o
 .debug_loc     0x00000e9c      0x830 src/ASF/common/services/spi/sam_spi/spi_master.o
 .debug_loc     0x000016cc      0xd20 src/ASF/sam/components/display/ili9488/ili9488.o
 .debug_loc     0x000023ec      0x630 src/ASF/sam/drivers/spi/spi.o
 .debug_loc     0x00002a1c      0x4a0 src/ASF/common/services/clock/same70/sysclk.o
 .debug_loc     0x00002ebc       0xa0 src/ASF/common/utils/interrupt/interrupt_sam_nvic.o
 .debug_loc     0x00002f5c      0x2fc src/ASF/sam/boards/same70_xplained/init.o
 .debug_loc     0x00003258     0x1174 src/ASF/sam/drivers/pio/pio.o
 .debug_loc     0x000043cc      0x38c src/ASF/sam/drivers/pio/pio_handler.o
 .debug_loc     0x00004758     0x1744 src/ASF/sam/drivers/pmc/pmc.o
 .debug_loc     0x00005e9c       0xe6 src/ASF/sam/drivers/pmc/sleep.o
 .debug_loc     0x00005f82      0x16c src/ASF/sam/utils/cmsis/same70/source/templates/gcc/startup_same70.o
 .debug_loc     0x000060ee       0xe4 src/ASF/sam/utils/cmsis/same70/source/templates/system_same70.o
 .debug_loc     0x000061d2      0x300 src/ASF/sam/utils/syscalls/gcc/syscalls.o

.debug_aranges  0x00000000      0xb30
 .debug_aranges
                0x00000000       0xb8 src/ASF/sam/drivers/rtc/rtc.o
 .debug_aranges
                0x000000b8       0x60 src/ASF/sam/drivers/rtt/rtt.o
 .debug_aranges
                0x00000118       0x88 src/main.o
 .debug_aranges
                0x000001a0       0xe0 src/ASF/common/services/spi/sam_spi/spi_master.o
 .debug_aranges
                0x00000280      0x168 src/ASF/sam/components/display/ili9488/ili9488.o
 .debug_aranges
                0x000003e8       0xa8 src/ASF/sam/drivers/spi/spi.o
 .debug_aranges
                0x00000490       0x98 src/ASF/common/services/clock/same70/sysclk.o
 .debug_aranges
                0x00000528       0x28 src/ASF/common/utils/interrupt/interrupt_sam_nvic.o
 .debug_aranges
                0x00000550       0x68 src/ASF/sam/boards/same70_xplained/init.o
 .debug_aranges
                0x000005b8      0x1a8 src/ASF/sam/drivers/pio/pio.o
 .debug_aranges
                0x00000760       0x80 src/ASF/sam/drivers/pio/pio_handler.o
 .debug_aranges
                0x000007e0      0x250 src/ASF/sam/drivers/pmc/pmc.o
 .debug_aranges
                0x00000a30       0x30 src/ASF/sam/drivers/pmc/sleep.o
 .debug_aranges